stm32f103c6_exti_driver.c:37:6:Enable_NVIC	16	static
stm32f103c6_exti_driver.c:81:6:Disable_NVIC	16	static
stm32f103c6_exti_driver.c:137:6:Update_EXTI	24	static
stm32f103c6_exti_driver.c:218:6:MCAL_EXTI_Init	16	static
stm32f103c6_exti_driver.c:231:6:MCAL_EXTI_DeInit	4	static
stm32f103c6_exti_driver.c:261:6:MCAL_EXTI_GPIO_Update	16	static
stm32f103c6_exti_driver.c:275:6:EXTI0_IRQHandler	8	static
stm32f103c6_exti_driver.c:282:6:EXTI1_IRQHandler	8	static
stm32f103c6_exti_driver.c:288:6:EXTI2_IRQHandler	8	static
stm32f103c6_exti_driver.c:294:6:EXTI3_IRQHandler	8	static
stm32f103c6_exti_driver.c:301:6:EXTI4_IRQHandler	8	static
stm32f103c6_exti_driver.c:307:6:EXTI9_5_IRQHandler	8	static
stm32f103c6_exti_driver.c:316:6:EXTI15_10_IRQHandler	8	static
