Archive member included to satisfy reference by file (symbol)

d:/stm32cubeide_1.4.0/stm32cubeide/plugins/com.st.stm32cube.ide.mcu.externaltools.gnu-tools-for-stm32.7-2018-q2-update.win32_1.4.0.202007081208/tools/bin/../lib/gcc/arm-none-eabi/7.3.1/../../../../arm-none-eabi/lib/thumb/v7-m\libc_nano.a(lib_a-errno.o)
                              Src/syscalls.o (__errno)
d:/stm32cubeide_1.4.0/stm32cubeide/plugins/com.st.stm32cube.ide.mcu.externaltools.gnu-tools-for-stm32.7-2018-q2-update.win32_1.4.0.202007081208/tools/bin/../lib/gcc/arm-none-eabi/7.3.1/../../../../arm-none-eabi/lib/thumb/v7-m\libc_nano.a(lib_a-exit.o)
                              d:/stm32cubeide_1.4.0/stm32cubeide/plugins/com.st.stm32cube.ide.mcu.externaltools.gnu-tools-for-stm32.7-2018-q2-update.win32_1.4.0.202007081208/tools/bin/../lib/gcc/arm-none-eabi/7.3.1/../../../../arm-none-eabi/lib/thumb/v7-m/crt0.o (exit)
d:/stm32cubeide_1.4.0/stm32cubeide/plugins/com.st.stm32cube.ide.mcu.externaltools.gnu-tools-for-stm32.7-2018-q2-update.win32_1.4.0.202007081208/tools/bin/../lib/gcc/arm-none-eabi/7.3.1/../../../../arm-none-eabi/lib/thumb/v7-m\libc_nano.a(lib_a-impure.o)
                              d:/stm32cubeide_1.4.0/stm32cubeide/plugins/com.st.stm32cube.ide.mcu.externaltools.gnu-tools-for-stm32.7-2018-q2-update.win32_1.4.0.202007081208/tools/bin/../lib/gcc/arm-none-eabi/7.3.1/../../../../arm-none-eabi/lib/thumb/v7-m\libc_nano.a(lib_a-exit.o) (_global_impure_ptr)
d:/stm32cubeide_1.4.0/stm32cubeide/plugins/com.st.stm32cube.ide.mcu.externaltools.gnu-tools-for-stm32.7-2018-q2-update.win32_1.4.0.202007081208/tools/bin/../lib/gcc/arm-none-eabi/7.3.1/../../../../arm-none-eabi/lib/thumb/v7-m\libc_nano.a(lib_a-init.o)
                              d:/stm32cubeide_1.4.0/stm32cubeide/plugins/com.st.stm32cube.ide.mcu.externaltools.gnu-tools-for-stm32.7-2018-q2-update.win32_1.4.0.202007081208/tools/bin/../lib/gcc/arm-none-eabi/7.3.1/../../../../arm-none-eabi/lib/thumb/v7-m/crt0.o (__libc_init_array)
d:/stm32cubeide_1.4.0/stm32cubeide/plugins/com.st.stm32cube.ide.mcu.externaltools.gnu-tools-for-stm32.7-2018-q2-update.win32_1.4.0.202007081208/tools/bin/../lib/gcc/arm-none-eabi/7.3.1/../../../../arm-none-eabi/lib/thumb/v7-m\libc_nano.a(lib_a-memset.o)
                              d:/stm32cubeide_1.4.0/stm32cubeide/plugins/com.st.stm32cube.ide.mcu.externaltools.gnu-tools-for-stm32.7-2018-q2-update.win32_1.4.0.202007081208/tools/bin/../lib/gcc/arm-none-eabi/7.3.1/../../../../arm-none-eabi/lib/thumb/v7-m/crt0.o (memset)

Allocating common symbols
Common symbol       size              file

GP_IRQ_callBack     0x3c              STM32F103C6_Drivers/EXTI/stm32f103c6_exti_driver.o
pinConfig           0x4               STM32F103C6_Drivers/7_segment/7segment.o
PinCfg              0x4               STM32F103C6_Drivers/LCD_Driver/lcd.o
IRQ_flag            0x4               Src/main.o

Discarded input sections

 .text          0x0000000000000000        0x0 d:/stm32cubeide_1.4.0/stm32cubeide/plugins/com.st.stm32cube.ide.mcu.externaltools.gnu-tools-for-stm32.7-2018-q2-update.win32_1.4.0.202007081208/tools/bin/../lib/gcc/arm-none-eabi/7.3.1/thumb/v7-m/crti.o
 .data          0x0000000000000000        0x0 d:/stm32cubeide_1.4.0/stm32cubeide/plugins/com.st.stm32cube.ide.mcu.externaltools.gnu-tools-for-stm32.7-2018-q2-update.win32_1.4.0.202007081208/tools/bin/../lib/gcc/arm-none-eabi/7.3.1/thumb/v7-m/crti.o
 .bss           0x0000000000000000        0x0 d:/stm32cubeide_1.4.0/stm32cubeide/plugins/com.st.stm32cube.ide.mcu.externaltools.gnu-tools-for-stm32.7-2018-q2-update.win32_1.4.0.202007081208/tools/bin/../lib/gcc/arm-none-eabi/7.3.1/thumb/v7-m/crti.o
 .data          0x0000000000000000        0x4 d:/stm32cubeide_1.4.0/stm32cubeide/plugins/com.st.stm32cube.ide.mcu.externaltools.gnu-tools-for-stm32.7-2018-q2-update.win32_1.4.0.202007081208/tools/bin/../lib/gcc/arm-none-eabi/7.3.1/thumb/v7-m/crtbegin.o
 .text          0x0000000000000000       0x74 d:/stm32cubeide_1.4.0/stm32cubeide/plugins/com.st.stm32cube.ide.mcu.externaltools.gnu-tools-for-stm32.7-2018-q2-update.win32_1.4.0.202007081208/tools/bin/../lib/gcc/arm-none-eabi/7.3.1/../../../../arm-none-eabi/lib/thumb/v7-m/crt0.o
 .data          0x0000000000000000        0x0 d:/stm32cubeide_1.4.0/stm32cubeide/plugins/com.st.stm32cube.ide.mcu.externaltools.gnu-tools-for-stm32.7-2018-q2-update.win32_1.4.0.202007081208/tools/bin/../lib/gcc/arm-none-eabi/7.3.1/../../../../arm-none-eabi/lib/thumb/v7-m/crt0.o
 .bss           0x0000000000000000        0x0 d:/stm32cubeide_1.4.0/stm32cubeide/plugins/com.st.stm32cube.ide.mcu.externaltools.gnu-tools-for-stm32.7-2018-q2-update.win32_1.4.0.202007081208/tools/bin/../lib/gcc/arm-none-eabi/7.3.1/../../../../arm-none-eabi/lib/thumb/v7-m/crt0.o
 .ARM.extab     0x0000000000000000        0x0 d:/stm32cubeide_1.4.0/stm32cubeide/plugins/com.st.stm32cube.ide.mcu.externaltools.gnu-tools-for-stm32.7-2018-q2-update.win32_1.4.0.202007081208/tools/bin/../lib/gcc/arm-none-eabi/7.3.1/../../../../arm-none-eabi/lib/thumb/v7-m/crt0.o
 .ARM.exidx     0x0000000000000000        0x8 d:/stm32cubeide_1.4.0/stm32cubeide/plugins/com.st.stm32cube.ide.mcu.externaltools.gnu-tools-for-stm32.7-2018-q2-update.win32_1.4.0.202007081208/tools/bin/../lib/gcc/arm-none-eabi/7.3.1/../../../../arm-none-eabi/lib/thumb/v7-m/crt0.o
 .ARM.attributes
                0x0000000000000000       0x1b d:/stm32cubeide_1.4.0/stm32cubeide/plugins/com.st.stm32cube.ide.mcu.externaltools.gnu-tools-for-stm32.7-2018-q2-update.win32_1.4.0.202007081208/tools/bin/../lib/gcc/arm-none-eabi/7.3.1/../../../../arm-none-eabi/lib/thumb/v7-m/crt0.o
 .group         0x0000000000000000        0xc STM32F103C6_Drivers/7_segment/7segment.o
 .group         0x0000000000000000        0xc STM32F103C6_Drivers/7_segment/7segment.o
 .group         0x0000000000000000        0xc STM32F103C6_Drivers/7_segment/7segment.o
 .group         0x0000000000000000        0xc STM32F103C6_Drivers/7_segment/7segment.o
 .group         0x0000000000000000        0xc STM32F103C6_Drivers/7_segment/7segment.o
 .group         0x0000000000000000        0xc STM32F103C6_Drivers/7_segment/7segment.o
 .group         0x0000000000000000        0xc STM32F103C6_Drivers/7_segment/7segment.o
 .group         0x0000000000000000        0xc STM32F103C6_Drivers/7_segment/7segment.o
 .group         0x0000000000000000        0xc STM32F103C6_Drivers/7_segment/7segment.o
 .group         0x0000000000000000        0xc STM32F103C6_Drivers/7_segment/7segment.o
 .group         0x0000000000000000        0xc STM32F103C6_Drivers/7_segment/7segment.o
 .group         0x0000000000000000        0xc STM32F103C6_Drivers/7_segment/7segment.o
 .group         0x0000000000000000        0xc STM32F103C6_Drivers/7_segment/7segment.o
 .group         0x0000000000000000        0xc STM32F103C6_Drivers/7_segment/7segment.o
 .group         0x0000000000000000        0xc STM32F103C6_Drivers/7_segment/7segment.o
 .group         0x0000000000000000        0xc STM32F103C6_Drivers/7_segment/7segment.o
 .group         0x0000000000000000        0xc STM32F103C6_Drivers/7_segment/7segment.o
 .group         0x0000000000000000        0xc STM32F103C6_Drivers/7_segment/7segment.o
 .group         0x0000000000000000        0xc STM32F103C6_Drivers/7_segment/7segment.o
 .group         0x0000000000000000        0xc STM32F103C6_Drivers/7_segment/7segment.o
 .group         0x0000000000000000        0xc STM32F103C6_Drivers/7_segment/7segment.o
 .group         0x0000000000000000        0xc STM32F103C6_Drivers/7_segment/7segment.o
 .group         0x0000000000000000        0xc STM32F103C6_Drivers/7_segment/7segment.o
 .group         0x0000000000000000        0xc STM32F103C6_Drivers/7_segment/7segment.o
 .group         0x0000000000000000        0xc STM32F103C6_Drivers/7_segment/7segment.o
 .group         0x0000000000000000        0xc STM32F103C6_Drivers/7_segment/7segment.o
 .group         0x0000000000000000        0xc STM32F103C6_Drivers/7_segment/7segment.o
 .text          0x0000000000000000        0x0 STM32F103C6_Drivers/7_segment/7segment.o
 .data          0x0000000000000000        0x0 STM32F103C6_Drivers/7_segment/7segment.o
 .bss           0x0000000000000000        0x0 STM32F103C6_Drivers/7_segment/7segment.o
 .text.SEG_INIT
                0x0000000000000000       0xd4 STM32F103C6_Drivers/7_segment/7segment.o
 .debug_info    0x0000000000000000      0xaa1 STM32F103C6_Drivers/7_segment/7segment.o
 .debug_abbrev  0x0000000000000000      0x17f STM32F103C6_Drivers/7_segment/7segment.o
 .debug_loc     0x0000000000000000       0x2c STM32F103C6_Drivers/7_segment/7segment.o
 .debug_aranges
                0x0000000000000000       0x20 STM32F103C6_Drivers/7_segment/7segment.o
 .debug_ranges  0x0000000000000000       0x10 STM32F103C6_Drivers/7_segment/7segment.o
 .debug_macro   0x0000000000000000      0x179 STM32F103C6_Drivers/7_segment/7segment.o
 .debug_macro   0x0000000000000000      0xa60 STM32F103C6_Drivers/7_segment/7segment.o
 .debug_macro   0x0000000000000000       0x18 STM32F103C6_Drivers/7_segment/7segment.o
 .debug_macro   0x0000000000000000       0x22 STM32F103C6_Drivers/7_segment/7segment.o
 .debug_macro   0x0000000000000000       0x40 STM32F103C6_Drivers/7_segment/7segment.o
 .debug_macro   0x0000000000000000       0x94 STM32F103C6_Drivers/7_segment/7segment.o
 .debug_macro   0x0000000000000000       0x3c STM32F103C6_Drivers/7_segment/7segment.o
 .debug_macro   0x0000000000000000       0x34 STM32F103C6_Drivers/7_segment/7segment.o
 .debug_macro   0x0000000000000000       0x16 STM32F103C6_Drivers/7_segment/7segment.o
 .debug_macro   0x0000000000000000      0x10e STM32F103C6_Drivers/7_segment/7segment.o
 .debug_macro   0x0000000000000000       0x8d STM32F103C6_Drivers/7_segment/7segment.o
 .debug_macro   0x0000000000000000       0x57 STM32F103C6_Drivers/7_segment/7segment.o
 .debug_macro   0x0000000000000000       0x52 STM32F103C6_Drivers/7_segment/7segment.o
 .debug_macro   0x0000000000000000       0x1f STM32F103C6_Drivers/7_segment/7segment.o
 .debug_macro   0x0000000000000000       0x43 STM32F103C6_Drivers/7_segment/7segment.o
 .debug_macro   0x0000000000000000       0x20 STM32F103C6_Drivers/7_segment/7segment.o
 .debug_macro   0x0000000000000000      0x1a3 STM32F103C6_Drivers/7_segment/7segment.o
 .debug_macro   0x0000000000000000      0x330 STM32F103C6_Drivers/7_segment/7segment.o
 .debug_macro   0x0000000000000000       0x16 STM32F103C6_Drivers/7_segment/7segment.o
 .debug_macro   0x0000000000000000       0x29 STM32F103C6_Drivers/7_segment/7segment.o
 .debug_macro   0x0000000000000000       0x16 STM32F103C6_Drivers/7_segment/7segment.o
 .debug_macro   0x0000000000000000       0x35 STM32F103C6_Drivers/7_segment/7segment.o
 .debug_macro   0x0000000000000000       0x20 STM32F103C6_Drivers/7_segment/7segment.o
 .debug_macro   0x0000000000000000       0xef STM32F103C6_Drivers/7_segment/7segment.o
 .debug_macro   0x0000000000000000       0x6a STM32F103C6_Drivers/7_segment/7segment.o
 .debug_macro   0x0000000000000000      0x1df STM32F103C6_Drivers/7_segment/7segment.o
 .debug_macro   0x0000000000000000      0x1b0 STM32F103C6_Drivers/7_segment/7segment.o
 .debug_macro   0x0000000000000000       0xca STM32F103C6_Drivers/7_segment/7segment.o
 .debug_line    0x0000000000000000      0x5ea STM32F103C6_Drivers/7_segment/7segment.o
 .debug_str     0x0000000000000000     0x7d4e STM32F103C6_Drivers/7_segment/7segment.o
 .comment       0x0000000000000000       0x7c STM32F103C6_Drivers/7_segment/7segment.o
 .debug_frame   0x0000000000000000       0x2c STM32F103C6_Drivers/7_segment/7segment.o
 .ARM.attributes
                0x0000000000000000       0x33 STM32F103C6_Drivers/7_segment/7segment.o
 COMMON         0x0000000000000000        0x4 STM32F103C6_Drivers/7_segment/7segment.o
 .group         0x0000000000000000        0xc STM32F103C6_Drivers/EXTI/stm32f103c6_exti_driver.o
 .group         0x0000000000000000        0xc STM32F103C6_Drivers/EXTI/stm32f103c6_exti_driver.o
 .group         0x0000000000000000        0xc STM32F103C6_Drivers/EXTI/stm32f103c6_exti_driver.o
 .group         0x0000000000000000        0xc STM32F103C6_Drivers/EXTI/stm32f103c6_exti_driver.o
 .group         0x0000000000000000        0xc STM32F103C6_Drivers/EXTI/stm32f103c6_exti_driver.o
 .group         0x0000000000000000        0xc STM32F103C6_Drivers/EXTI/stm32f103c6_exti_driver.o
 .group         0x0000000000000000        0xc STM32F103C6_Drivers/EXTI/stm32f103c6_exti_driver.o
 .group         0x0000000000000000        0xc STM32F103C6_Drivers/EXTI/stm32f103c6_exti_driver.o
 .group         0x0000000000000000        0xc STM32F103C6_Drivers/EXTI/stm32f103c6_exti_driver.o
 .group         0x0000000000000000        0xc STM32F103C6_Drivers/EXTI/stm32f103c6_exti_driver.o
 .group         0x0000000000000000        0xc STM32F103C6_Drivers/EXTI/stm32f103c6_exti_driver.o
 .group         0x0000000000000000        0xc STM32F103C6_Drivers/EXTI/stm32f103c6_exti_driver.o
 .group         0x0000000000000000        0xc STM32F103C6_Drivers/EXTI/stm32f103c6_exti_driver.o
 .group         0x0000000000000000        0xc STM32F103C6_Drivers/EXTI/stm32f103c6_exti_driver.o
 .group         0x0000000000000000        0xc STM32F103C6_Drivers/EXTI/stm32f103c6_exti_driver.o
 .group         0x0000000000000000        0xc STM32F103C6_Drivers/EXTI/stm32f103c6_exti_driver.o
 .group         0x0000000000000000        0xc STM32F103C6_Drivers/EXTI/stm32f103c6_exti_driver.o
 .group         0x0000000000000000        0xc STM32F103C6_Drivers/EXTI/stm32f103c6_exti_driver.o
 .group         0x0000000000000000        0xc STM32F103C6_Drivers/EXTI/stm32f103c6_exti_driver.o
 .group         0x0000000000000000        0xc STM32F103C6_Drivers/EXTI/stm32f103c6_exti_driver.o
 .group         0x0000000000000000        0xc STM32F103C6_Drivers/EXTI/stm32f103c6_exti_driver.o
 .group         0x0000000000000000        0xc STM32F103C6_Drivers/EXTI/stm32f103c6_exti_driver.o
 .group         0x0000000000000000        0xc STM32F103C6_Drivers/EXTI/stm32f103c6_exti_driver.o
 .group         0x0000000000000000        0xc STM32F103C6_Drivers/EXTI/stm32f103c6_exti_driver.o
 .group         0x0000000000000000        0xc STM32F103C6_Drivers/EXTI/stm32f103c6_exti_driver.o
 .group         0x0000000000000000        0xc STM32F103C6_Drivers/EXTI/stm32f103c6_exti_driver.o
 .group         0x0000000000000000        0xc STM32F103C6_Drivers/EXTI/stm32f103c6_exti_driver.o
 .group         0x0000000000000000        0xc STM32F103C6_Drivers/EXTI/stm32f103c6_exti_driver.o
 .text          0x0000000000000000        0x0 STM32F103C6_Drivers/EXTI/stm32f103c6_exti_driver.o
 .data          0x0000000000000000        0x0 STM32F103C6_Drivers/EXTI/stm32f103c6_exti_driver.o
 .bss           0x0000000000000000        0x0 STM32F103C6_Drivers/EXTI/stm32f103c6_exti_driver.o
 .text.MCAL_EXTI_DeInit
                0x0000000000000000       0x94 STM32F103C6_Drivers/EXTI/stm32f103c6_exti_driver.o
 .text.MCAL_EXTI_GPIO_Update
                0x0000000000000000       0x16 STM32F103C6_Drivers/EXTI/stm32f103c6_exti_driver.o
 .debug_macro   0x0000000000000000      0xa60 STM32F103C6_Drivers/EXTI/stm32f103c6_exti_driver.o
 .debug_macro   0x0000000000000000       0x18 STM32F103C6_Drivers/EXTI/stm32f103c6_exti_driver.o
 .debug_macro   0x0000000000000000       0x22 STM32F103C6_Drivers/EXTI/stm32f103c6_exti_driver.o
 .debug_macro   0x0000000000000000       0x40 STM32F103C6_Drivers/EXTI/stm32f103c6_exti_driver.o
 .debug_macro   0x0000000000000000       0x94 STM32F103C6_Drivers/EXTI/stm32f103c6_exti_driver.o
 .debug_macro   0x0000000000000000       0x3c STM32F103C6_Drivers/EXTI/stm32f103c6_exti_driver.o
 .debug_macro   0x0000000000000000       0x34 STM32F103C6_Drivers/EXTI/stm32f103c6_exti_driver.o
 .debug_macro   0x0000000000000000       0x16 STM32F103C6_Drivers/EXTI/stm32f103c6_exti_driver.o
 .debug_macro   0x0000000000000000      0x10e STM32F103C6_Drivers/EXTI/stm32f103c6_exti_driver.o
 .debug_macro   0x0000000000000000       0x8d STM32F103C6_Drivers/EXTI/stm32f103c6_exti_driver.o
 .debug_macro   0x0000000000000000       0x57 STM32F103C6_Drivers/EXTI/stm32f103c6_exti_driver.o
 .debug_macro   0x0000000000000000       0x52 STM32F103C6_Drivers/EXTI/stm32f103c6_exti_driver.o
 .debug_macro   0x0000000000000000       0x1f STM32F103C6_Drivers/EXTI/stm32f103c6_exti_driver.o
 .debug_macro   0x0000000000000000       0x43 STM32F103C6_Drivers/EXTI/stm32f103c6_exti_driver.o
 .debug_macro   0x0000000000000000       0x20 STM32F103C6_Drivers/EXTI/stm32f103c6_exti_driver.o
 .debug_macro   0x0000000000000000      0x1a3 STM32F103C6_Drivers/EXTI/stm32f103c6_exti_driver.o
 .debug_macro   0x0000000000000000      0x330 STM32F103C6_Drivers/EXTI/stm32f103c6_exti_driver.o
 .debug_macro   0x0000000000000000       0x16 STM32F103C6_Drivers/EXTI/stm32f103c6_exti_driver.o
 .debug_macro   0x0000000000000000       0x29 STM32F103C6_Drivers/EXTI/stm32f103c6_exti_driver.o
 .debug_macro   0x0000000000000000       0x16 STM32F103C6_Drivers/EXTI/stm32f103c6_exti_driver.o
 .debug_macro   0x0000000000000000       0x35 STM32F103C6_Drivers/EXTI/stm32f103c6_exti_driver.o
 .debug_macro   0x0000000000000000       0x20 STM32F103C6_Drivers/EXTI/stm32f103c6_exti_driver.o
 .debug_macro   0x0000000000000000       0xef STM32F103C6_Drivers/EXTI/stm32f103c6_exti_driver.o
 .debug_macro   0x0000000000000000       0x6a STM32F103C6_Drivers/EXTI/stm32f103c6_exti_driver.o
 .debug_macro   0x0000000000000000      0x1df STM32F103C6_Drivers/EXTI/stm32f103c6_exti_driver.o
 .debug_macro   0x0000000000000000      0x1b0 STM32F103C6_Drivers/EXTI/stm32f103c6_exti_driver.o
 .debug_macro   0x0000000000000000       0xca STM32F103C6_Drivers/EXTI/stm32f103c6_exti_driver.o
 .group         0x0000000000000000        0xc STM32F103C6_Drivers/GPIO/stm32f103c6_gpio_driver.o
 .group         0x0000000000000000        0xc STM32F103C6_Drivers/GPIO/stm32f103c6_gpio_driver.o
 .group         0x0000000000000000        0xc STM32F103C6_Drivers/GPIO/stm32f103c6_gpio_driver.o
 .group         0x0000000000000000        0xc STM32F103C6_Drivers/GPIO/stm32f103c6_gpio_driver.o
 .group         0x0000000000000000        0xc STM32F103C6_Drivers/GPIO/stm32f103c6_gpio_driver.o
 .group         0x0000000000000000        0xc STM32F103C6_Drivers/GPIO/stm32f103c6_gpio_driver.o
 .group         0x0000000000000000        0xc STM32F103C6_Drivers/GPIO/stm32f103c6_gpio_driver.o
 .group         0x0000000000000000        0xc STM32F103C6_Drivers/GPIO/stm32f103c6_gpio_driver.o
 .group         0x0000000000000000        0xc STM32F103C6_Drivers/GPIO/stm32f103c6_gpio_driver.o
 .group         0x0000000000000000        0xc STM32F103C6_Drivers/GPIO/stm32f103c6_gpio_driver.o
 .group         0x0000000000000000        0xc STM32F103C6_Drivers/GPIO/stm32f103c6_gpio_driver.o
 .group         0x0000000000000000        0xc STM32F103C6_Drivers/GPIO/stm32f103c6_gpio_driver.o
 .group         0x0000000000000000        0xc STM32F103C6_Drivers/GPIO/stm32f103c6_gpio_driver.o
 .group         0x0000000000000000        0xc STM32F103C6_Drivers/GPIO/stm32f103c6_gpio_driver.o
 .group         0x0000000000000000        0xc STM32F103C6_Drivers/GPIO/stm32f103c6_gpio_driver.o
 .group         0x0000000000000000        0xc STM32F103C6_Drivers/GPIO/stm32f103c6_gpio_driver.o
 .group         0x0000000000000000        0xc STM32F103C6_Drivers/GPIO/stm32f103c6_gpio_driver.o
 .group         0x0000000000000000        0xc STM32F103C6_Drivers/GPIO/stm32f103c6_gpio_driver.o
 .group         0x0000000000000000        0xc STM32F103C6_Drivers/GPIO/stm32f103c6_gpio_driver.o
 .group         0x0000000000000000        0xc STM32F103C6_Drivers/GPIO/stm32f103c6_gpio_driver.o
 .group         0x0000000000000000        0xc STM32F103C6_Drivers/GPIO/stm32f103c6_gpio_driver.o
 .group         0x0000000000000000        0xc STM32F103C6_Drivers/GPIO/stm32f103c6_gpio_driver.o
 .group         0x0000000000000000        0xc STM32F103C6_Drivers/GPIO/stm32f103c6_gpio_driver.o
 .group         0x0000000000000000        0xc STM32F103C6_Drivers/GPIO/stm32f103c6_gpio_driver.o
 .group         0x0000000000000000        0xc STM32F103C6_Drivers/GPIO/stm32f103c6_gpio_driver.o
 .group         0x0000000000000000        0xc STM32F103C6_Drivers/GPIO/stm32f103c6_gpio_driver.o
 .group         0x0000000000000000        0xc STM32F103C6_Drivers/GPIO/stm32f103c6_gpio_driver.o
 .text          0x0000000000000000        0x0 STM32F103C6_Drivers/GPIO/stm32f103c6_gpio_driver.o
 .data          0x0000000000000000        0x0 STM32F103C6_Drivers/GPIO/stm32f103c6_gpio_driver.o
 .bss           0x0000000000000000        0x0 STM32F103C6_Drivers/GPIO/stm32f103c6_gpio_driver.o
 .text.MCAL_GPIO_DeInit
                0x0000000000000000       0xd4 STM32F103C6_Drivers/GPIO/stm32f103c6_gpio_driver.o
 .text.MCAL_GPIO_ReadPin
                0x0000000000000000       0x2e STM32F103C6_Drivers/GPIO/stm32f103c6_gpio_driver.o
 .text.MCAL_GPIO_TogglePin
                0x0000000000000000       0x22 STM32F103C6_Drivers/GPIO/stm32f103c6_gpio_driver.o
 .text.MCAL_GPIO_LockPin
                0x0000000000000000       0x54 STM32F103C6_Drivers/GPIO/stm32f103c6_gpio_driver.o
 .debug_macro   0x0000000000000000      0xa60 STM32F103C6_Drivers/GPIO/stm32f103c6_gpio_driver.o
 .debug_macro   0x0000000000000000       0x18 STM32F103C6_Drivers/GPIO/stm32f103c6_gpio_driver.o
 .debug_macro   0x0000000000000000       0x22 STM32F103C6_Drivers/GPIO/stm32f103c6_gpio_driver.o
 .debug_macro   0x0000000000000000       0x40 STM32F103C6_Drivers/GPIO/stm32f103c6_gpio_driver.o
 .debug_macro   0x0000000000000000       0x94 STM32F103C6_Drivers/GPIO/stm32f103c6_gpio_driver.o
 .debug_macro   0x0000000000000000       0x3c STM32F103C6_Drivers/GPIO/stm32f103c6_gpio_driver.o
 .debug_macro   0x0000000000000000       0x34 STM32F103C6_Drivers/GPIO/stm32f103c6_gpio_driver.o
 .debug_macro   0x0000000000000000       0x16 STM32F103C6_Drivers/GPIO/stm32f103c6_gpio_driver.o
 .debug_macro   0x0000000000000000      0x10e STM32F103C6_Drivers/GPIO/stm32f103c6_gpio_driver.o
 .debug_macro   0x0000000000000000       0x8d STM32F103C6_Drivers/GPIO/stm32f103c6_gpio_driver.o
 .debug_macro   0x0000000000000000       0x57 STM32F103C6_Drivers/GPIO/stm32f103c6_gpio_driver.o
 .debug_macro   0x0000000000000000       0x52 STM32F103C6_Drivers/GPIO/stm32f103c6_gpio_driver.o
 .debug_macro   0x0000000000000000       0x1f STM32F103C6_Drivers/GPIO/stm32f103c6_gpio_driver.o
 .debug_macro   0x0000000000000000       0x43 STM32F103C6_Drivers/GPIO/stm32f103c6_gpio_driver.o
 .debug_macro   0x0000000000000000       0x20 STM32F103C6_Drivers/GPIO/stm32f103c6_gpio_driver.o
 .debug_macro   0x0000000000000000      0x1a3 STM32F103C6_Drivers/GPIO/stm32f103c6_gpio_driver.o
 .debug_macro   0x0000000000000000      0x330 STM32F103C6_Drivers/GPIO/stm32f103c6_gpio_driver.o
 .debug_macro   0x0000000000000000       0x16 STM32F103C6_Drivers/GPIO/stm32f103c6_gpio_driver.o
 .debug_macro   0x0000000000000000       0x29 STM32F103C6_Drivers/GPIO/stm32f103c6_gpio_driver.o
 .debug_macro   0x0000000000000000       0x16 STM32F103C6_Drivers/GPIO/stm32f103c6_gpio_driver.o
 .debug_macro   0x0000000000000000       0x35 STM32F103C6_Drivers/GPIO/stm32f103c6_gpio_driver.o
 .debug_macro   0x0000000000000000       0x20 STM32F103C6_Drivers/GPIO/stm32f103c6_gpio_driver.o
 .debug_macro   0x0000000000000000       0xef STM32F103C6_Drivers/GPIO/stm32f103c6_gpio_driver.o
 .debug_macro   0x0000000000000000       0x6a STM32F103C6_Drivers/GPIO/stm32f103c6_gpio_driver.o
 .debug_macro   0x0000000000000000      0x1df STM32F103C6_Drivers/GPIO/stm32f103c6_gpio_driver.o
 .debug_macro   0x0000000000000000      0x1b0 STM32F103C6_Drivers/GPIO/stm32f103c6_gpio_driver.o
 .debug_macro   0x0000000000000000       0xca STM32F103C6_Drivers/GPIO/stm32f103c6_gpio_driver.o
 .group         0x0000000000000000        0xc STM32F103C6_Drivers/KeyPad_Driver/keyPad.o
 .group         0x0000000000000000        0xc STM32F103C6_Drivers/KeyPad_Driver/keyPad.o
 .group         0x0000000000000000        0xc STM32F103C6_Drivers/KeyPad_Driver/keyPad.o
 .group         0x0000000000000000        0xc STM32F103C6_Drivers/KeyPad_Driver/keyPad.o
 .group         0x0000000000000000        0xc STM32F103C6_Drivers/KeyPad_Driver/keyPad.o
 .group         0x0000000000000000        0xc STM32F103C6_Drivers/KeyPad_Driver/keyPad.o
 .group         0x0000000000000000        0xc STM32F103C6_Drivers/KeyPad_Driver/keyPad.o
 .group         0x0000000000000000        0xc STM32F103C6_Drivers/KeyPad_Driver/keyPad.o
 .group         0x0000000000000000        0xc STM32F103C6_Drivers/KeyPad_Driver/keyPad.o
 .group         0x0000000000000000        0xc STM32F103C6_Drivers/KeyPad_Driver/keyPad.o
 .group         0x0000000000000000        0xc STM32F103C6_Drivers/KeyPad_Driver/keyPad.o
 .group         0x0000000000000000        0xc STM32F103C6_Drivers/KeyPad_Driver/keyPad.o
 .group         0x0000000000000000        0xc STM32F103C6_Drivers/KeyPad_Driver/keyPad.o
 .group         0x0000000000000000        0xc STM32F103C6_Drivers/KeyPad_Driver/keyPad.o
 .group         0x0000000000000000        0xc STM32F103C6_Drivers/KeyPad_Driver/keyPad.o
 .group         0x0000000000000000        0xc STM32F103C6_Drivers/KeyPad_Driver/keyPad.o
 .group         0x0000000000000000        0xc STM32F103C6_Drivers/KeyPad_Driver/keyPad.o
 .group         0x0000000000000000        0xc STM32F103C6_Drivers/KeyPad_Driver/keyPad.o
 .group         0x0000000000000000        0xc STM32F103C6_Drivers/KeyPad_Driver/keyPad.o
 .group         0x0000000000000000        0xc STM32F103C6_Drivers/KeyPad_Driver/keyPad.o
 .group         0x0000000000000000        0xc STM32F103C6_Drivers/KeyPad_Driver/keyPad.o
 .group         0x0000000000000000        0xc STM32F103C6_Drivers/KeyPad_Driver/keyPad.o
 .group         0x0000000000000000        0xc STM32F103C6_Drivers/KeyPad_Driver/keyPad.o
 .group         0x0000000000000000        0xc STM32F103C6_Drivers/KeyPad_Driver/keyPad.o
 .group         0x0000000000000000        0xc STM32F103C6_Drivers/KeyPad_Driver/keyPad.o
 .group         0x0000000000000000        0xc STM32F103C6_Drivers/KeyPad_Driver/keyPad.o
 .group         0x0000000000000000        0xc STM32F103C6_Drivers/KeyPad_Driver/keyPad.o
 .group         0x0000000000000000        0xc STM32F103C6_Drivers/KeyPad_Driver/keyPad.o
 .text          0x0000000000000000        0x0 STM32F103C6_Drivers/KeyPad_Driver/keyPad.o
 .data          0x0000000000000000        0x0 STM32F103C6_Drivers/KeyPad_Driver/keyPad.o
 .bss           0x0000000000000000        0x0 STM32F103C6_Drivers/KeyPad_Driver/keyPad.o
 .data.KeyPad_R
                0x0000000000000000       0x10 STM32F103C6_Drivers/KeyPad_Driver/keyPad.o
 .data.KeyPad_C
                0x0000000000000000       0x10 STM32F103C6_Drivers/KeyPad_Driver/keyPad.o
 .text.KEYPAD_INIT
                0x0000000000000000       0xec STM32F103C6_Drivers/KeyPad_Driver/keyPad.o
 .text.KEYPAD_GET_CHAR
                0x0000000000000000      0x194 STM32F103C6_Drivers/KeyPad_Driver/keyPad.o
 .debug_info    0x0000000000000000      0xb0c STM32F103C6_Drivers/KeyPad_Driver/keyPad.o
 .debug_abbrev  0x0000000000000000      0x1aa STM32F103C6_Drivers/KeyPad_Driver/keyPad.o
 .debug_loc     0x0000000000000000       0x7c STM32F103C6_Drivers/KeyPad_Driver/keyPad.o
 .debug_aranges
                0x0000000000000000       0x28 STM32F103C6_Drivers/KeyPad_Driver/keyPad.o
 .debug_ranges  0x0000000000000000       0x18 STM32F103C6_Drivers/KeyPad_Driver/keyPad.o
 .debug_macro   0x0000000000000000      0x17e STM32F103C6_Drivers/KeyPad_Driver/keyPad.o
 .debug_macro   0x0000000000000000      0xa60 STM32F103C6_Drivers/KeyPad_Driver/keyPad.o
 .debug_macro   0x0000000000000000       0x18 STM32F103C6_Drivers/KeyPad_Driver/keyPad.o
 .debug_macro   0x0000000000000000       0x22 STM32F103C6_Drivers/KeyPad_Driver/keyPad.o
 .debug_macro   0x0000000000000000       0x40 STM32F103C6_Drivers/KeyPad_Driver/keyPad.o
 .debug_macro   0x0000000000000000       0x94 STM32F103C6_Drivers/KeyPad_Driver/keyPad.o
 .debug_macro   0x0000000000000000       0x3c STM32F103C6_Drivers/KeyPad_Driver/keyPad.o
 .debug_macro   0x0000000000000000       0x34 STM32F103C6_Drivers/KeyPad_Driver/keyPad.o
 .debug_macro   0x0000000000000000       0x16 STM32F103C6_Drivers/KeyPad_Driver/keyPad.o
 .debug_macro   0x0000000000000000      0x10e STM32F103C6_Drivers/KeyPad_Driver/keyPad.o
 .debug_macro   0x0000000000000000       0x8d STM32F103C6_Drivers/KeyPad_Driver/keyPad.o
 .debug_macro   0x0000000000000000       0x57 STM32F103C6_Drivers/KeyPad_Driver/keyPad.o
 .debug_macro   0x0000000000000000       0x52 STM32F103C6_Drivers/KeyPad_Driver/keyPad.o
 .debug_macro   0x0000000000000000       0x1f STM32F103C6_Drivers/KeyPad_Driver/keyPad.o
 .debug_macro   0x0000000000000000       0x43 STM32F103C6_Drivers/KeyPad_Driver/keyPad.o
 .debug_macro   0x0000000000000000       0x20 STM32F103C6_Drivers/KeyPad_Driver/keyPad.o
 .debug_macro   0x0000000000000000      0x1a3 STM32F103C6_Drivers/KeyPad_Driver/keyPad.o
 .debug_macro   0x0000000000000000      0x330 STM32F103C6_Drivers/KeyPad_Driver/keyPad.o
 .debug_macro   0x0000000000000000       0x16 STM32F103C6_Drivers/KeyPad_Driver/keyPad.o
 .debug_macro   0x0000000000000000       0x29 STM32F103C6_Drivers/KeyPad_Driver/keyPad.o
 .debug_macro   0x0000000000000000       0x16 STM32F103C6_Drivers/KeyPad_Driver/keyPad.o
 .debug_macro   0x0000000000000000       0x35 STM32F103C6_Drivers/KeyPad_Driver/keyPad.o
 .debug_macro   0x0000000000000000       0x20 STM32F103C6_Drivers/KeyPad_Driver/keyPad.o
 .debug_macro   0x0000000000000000       0xef STM32F103C6_Drivers/KeyPad_Driver/keyPad.o
 .debug_macro   0x0000000000000000       0x6a STM32F103C6_Drivers/KeyPad_Driver/keyPad.o
 .debug_macro   0x0000000000000000      0x1df STM32F103C6_Drivers/KeyPad_Driver/keyPad.o
 .debug_macro   0x0000000000000000      0x1b0 STM32F103C6_Drivers/KeyPad_Driver/keyPad.o
 .debug_macro   0x0000000000000000       0xca STM32F103C6_Drivers/KeyPad_Driver/keyPad.o
 .debug_macro   0x0000000000000000       0x3a STM32F103C6_Drivers/KeyPad_Driver/keyPad.o
 .debug_line    0x0000000000000000      0x6b4 STM32F103C6_Drivers/KeyPad_Driver/keyPad.o
 .debug_str     0x0000000000000000     0x7df0 STM32F103C6_Drivers/KeyPad_Driver/keyPad.o
 .comment       0x0000000000000000       0x7c STM32F103C6_Drivers/KeyPad_Driver/keyPad.o
 .debug_frame   0x0000000000000000       0x50 STM32F103C6_Drivers/KeyPad_Driver/keyPad.o
 .ARM.attributes
                0x0000000000000000       0x33 STM32F103C6_Drivers/KeyPad_Driver/keyPad.o
 .group         0x0000000000000000        0xc STM32F103C6_Drivers/LCD_Driver/lcd.o
 .group         0x0000000000000000        0xc STM32F103C6_Drivers/LCD_Driver/lcd.o
 .group         0x0000000000000000        0xc STM32F103C6_Drivers/LCD_Driver/lcd.o
 .group         0x0000000000000000        0xc STM32F103C6_Drivers/LCD_Driver/lcd.o
 .group         0x0000000000000000        0xc STM32F103C6_Drivers/LCD_Driver/lcd.o
 .group         0x0000000000000000        0xc STM32F103C6_Drivers/LCD_Driver/lcd.o
 .group         0x0000000000000000        0xc STM32F103C6_Drivers/LCD_Driver/lcd.o
 .group         0x0000000000000000        0xc STM32F103C6_Drivers/LCD_Driver/lcd.o
 .group         0x0000000000000000        0xc STM32F103C6_Drivers/LCD_Driver/lcd.o
 .group         0x0000000000000000        0xc STM32F103C6_Drivers/LCD_Driver/lcd.o
 .group         0x0000000000000000        0xc STM32F103C6_Drivers/LCD_Driver/lcd.o
 .group         0x0000000000000000        0xc STM32F103C6_Drivers/LCD_Driver/lcd.o
 .group         0x0000000000000000        0xc STM32F103C6_Drivers/LCD_Driver/lcd.o
 .group         0x0000000000000000        0xc STM32F103C6_Drivers/LCD_Driver/lcd.o
 .group         0x0000000000000000        0xc STM32F103C6_Drivers/LCD_Driver/lcd.o
 .group         0x0000000000000000        0xc STM32F103C6_Drivers/LCD_Driver/lcd.o
 .group         0x0000000000000000        0xc STM32F103C6_Drivers/LCD_Driver/lcd.o
 .group         0x0000000000000000        0xc STM32F103C6_Drivers/LCD_Driver/lcd.o
 .group         0x0000000000000000        0xc STM32F103C6_Drivers/LCD_Driver/lcd.o
 .group         0x0000000000000000        0xc STM32F103C6_Drivers/LCD_Driver/lcd.o
 .group         0x0000000000000000        0xc STM32F103C6_Drivers/LCD_Driver/lcd.o
 .group         0x0000000000000000        0xc STM32F103C6_Drivers/LCD_Driver/lcd.o
 .group         0x0000000000000000        0xc STM32F103C6_Drivers/LCD_Driver/lcd.o
 .group         0x0000000000000000        0xc STM32F103C6_Drivers/LCD_Driver/lcd.o
 .group         0x0000000000000000        0xc STM32F103C6_Drivers/LCD_Driver/lcd.o
 .group         0x0000000000000000        0xc STM32F103C6_Drivers/LCD_Driver/lcd.o
 .group         0x0000000000000000        0xc STM32F103C6_Drivers/LCD_Driver/lcd.o
 .group         0x0000000000000000        0xc STM32F103C6_Drivers/LCD_Driver/lcd.o
 .text          0x0000000000000000        0x0 STM32F103C6_Drivers/LCD_Driver/lcd.o
 .data          0x0000000000000000        0x0 STM32F103C6_Drivers/LCD_Driver/lcd.o
 .bss           0x0000000000000000        0x0 STM32F103C6_Drivers/LCD_Driver/lcd.o
 .debug_macro   0x0000000000000000      0xa60 STM32F103C6_Drivers/LCD_Driver/lcd.o
 .debug_macro   0x0000000000000000       0x18 STM32F103C6_Drivers/LCD_Driver/lcd.o
 .debug_macro   0x0000000000000000       0x22 STM32F103C6_Drivers/LCD_Driver/lcd.o
 .debug_macro   0x0000000000000000       0x40 STM32F103C6_Drivers/LCD_Driver/lcd.o
 .debug_macro   0x0000000000000000       0x94 STM32F103C6_Drivers/LCD_Driver/lcd.o
 .debug_macro   0x0000000000000000       0x3c STM32F103C6_Drivers/LCD_Driver/lcd.o
 .debug_macro   0x0000000000000000       0x34 STM32F103C6_Drivers/LCD_Driver/lcd.o
 .debug_macro   0x0000000000000000       0x16 STM32F103C6_Drivers/LCD_Driver/lcd.o
 .debug_macro   0x0000000000000000      0x10e STM32F103C6_Drivers/LCD_Driver/lcd.o
 .debug_macro   0x0000000000000000       0x8d STM32F103C6_Drivers/LCD_Driver/lcd.o
 .debug_macro   0x0000000000000000       0x57 STM32F103C6_Drivers/LCD_Driver/lcd.o
 .debug_macro   0x0000000000000000       0x52 STM32F103C6_Drivers/LCD_Driver/lcd.o
 .debug_macro   0x0000000000000000       0x1f STM32F103C6_Drivers/LCD_Driver/lcd.o
 .debug_macro   0x0000000000000000       0x43 STM32F103C6_Drivers/LCD_Driver/lcd.o
 .debug_macro   0x0000000000000000       0x20 STM32F103C6_Drivers/LCD_Driver/lcd.o
 .debug_macro   0x0000000000000000      0x1a3 STM32F103C6_Drivers/LCD_Driver/lcd.o
 .debug_macro   0x0000000000000000      0x330 STM32F103C6_Drivers/LCD_Driver/lcd.o
 .debug_macro   0x0000000000000000       0x16 STM32F103C6_Drivers/LCD_Driver/lcd.o
 .debug_macro   0x0000000000000000       0x29 STM32F103C6_Drivers/LCD_Driver/lcd.o
 .debug_macro   0x0000000000000000       0x16 STM32F103C6_Drivers/LCD_Driver/lcd.o
 .debug_macro   0x0000000000000000       0x35 STM32F103C6_Drivers/LCD_Driver/lcd.o
 .debug_macro   0x0000000000000000       0x20 STM32F103C6_Drivers/LCD_Driver/lcd.o
 .debug_macro   0x0000000000000000       0xef STM32F103C6_Drivers/LCD_Driver/lcd.o
 .debug_macro   0x0000000000000000       0x6a STM32F103C6_Drivers/LCD_Driver/lcd.o
 .debug_macro   0x0000000000000000      0x1df STM32F103C6_Drivers/LCD_Driver/lcd.o
 .debug_macro   0x0000000000000000      0x1b0 STM32F103C6_Drivers/LCD_Driver/lcd.o
 .debug_macro   0x0000000000000000       0xca STM32F103C6_Drivers/LCD_Driver/lcd.o
 .group         0x0000000000000000        0xc Src/main.o
 .group         0x0000000000000000        0xc Src/main.o
 .group         0x0000000000000000        0xc Src/main.o
 .group         0x0000000000000000        0xc Src/main.o
 .group         0x0000000000000000        0xc Src/main.o
 .group         0x0000000000000000        0xc Src/main.o
 .group         0x0000000000000000        0xc Src/main.o
 .group         0x0000000000000000        0xc Src/main.o
 .group         0x0000000000000000        0xc Src/main.o
 .group         0x0000000000000000        0xc Src/main.o
 .group         0x0000000000000000        0xc Src/main.o
 .group         0x0000000000000000        0xc Src/main.o
 .group         0x0000000000000000        0xc Src/main.o
 .group         0x0000000000000000        0xc Src/main.o
 .group         0x0000000000000000        0xc Src/main.o
 .group         0x0000000000000000        0xc Src/main.o
 .group         0x0000000000000000        0xc Src/main.o
 .group         0x0000000000000000        0xc Src/main.o
 .group         0x0000000000000000        0xc Src/main.o
 .group         0x0000000000000000        0xc Src/main.o
 .group         0x0000000000000000        0xc Src/main.o
 .group         0x0000000000000000        0xc Src/main.o
 .group         0x0000000000000000        0xc Src/main.o
 .group         0x0000000000000000        0xc Src/main.o
 .group         0x0000000000000000        0xc Src/main.o
 .group         0x0000000000000000        0xc Src/main.o
 .group         0x0000000000000000        0xc Src/main.o
 .group         0x0000000000000000        0xc Src/main.o
 .group         0x0000000000000000        0xc Src/main.o
 .group         0x0000000000000000        0xc Src/main.o
 .text          0x0000000000000000        0x0 Src/main.o
 .data          0x0000000000000000        0x0 Src/main.o
 .bss           0x0000000000000000        0x0 Src/main.o
 .debug_macro   0x0000000000000000      0xa60 Src/main.o
 .debug_macro   0x0000000000000000       0x18 Src/main.o
 .debug_macro   0x0000000000000000       0x22 Src/main.o
 .debug_macro   0x0000000000000000       0x40 Src/main.o
 .debug_macro   0x0000000000000000       0x94 Src/main.o
 .debug_macro   0x0000000000000000       0x3c Src/main.o
 .debug_macro   0x0000000000000000       0x34 Src/main.o
 .debug_macro   0x0000000000000000       0x16 Src/main.o
 .debug_macro   0x0000000000000000      0x10e Src/main.o
 .debug_macro   0x0000000000000000       0x8d Src/main.o
 .debug_macro   0x0000000000000000       0x57 Src/main.o
 .debug_macro   0x0000000000000000       0x52 Src/main.o
 .debug_macro   0x0000000000000000       0x1f Src/main.o
 .debug_macro   0x0000000000000000       0x43 Src/main.o
 .debug_macro   0x0000000000000000       0x20 Src/main.o
 .debug_macro   0x0000000000000000      0x1a3 Src/main.o
 .debug_macro   0x0000000000000000      0x330 Src/main.o
 .debug_macro   0x0000000000000000       0x16 Src/main.o
 .debug_macro   0x0000000000000000       0x29 Src/main.o
 .debug_macro   0x0000000000000000       0x16 Src/main.o
 .debug_macro   0x0000000000000000       0x35 Src/main.o
 .debug_macro   0x0000000000000000       0x20 Src/main.o
 .debug_macro   0x0000000000000000       0xef Src/main.o
 .debug_macro   0x0000000000000000       0x6a Src/main.o
 .debug_macro   0x0000000000000000      0x1df Src/main.o
 .debug_macro   0x0000000000000000      0x1b0 Src/main.o
 .debug_macro   0x0000000000000000       0xca Src/main.o
 .debug_macro   0x0000000000000000      0x217 Src/main.o
 .group         0x0000000000000000        0xc Src/syscalls.o
 .group         0x0000000000000000        0xc Src/syscalls.o
 .group         0x0000000000000000        0xc Src/syscalls.o
 .group         0x0000000000000000        0xc Src/syscalls.o
 .group         0x0000000000000000        0xc Src/syscalls.o
 .group         0x0000000000000000        0xc Src/syscalls.o
 .group         0x0000000000000000        0xc Src/syscalls.o
 .group         0x0000000000000000        0xc Src/syscalls.o
 .group         0x0000000000000000        0xc Src/syscalls.o
 .group         0x0000000000000000        0xc Src/syscalls.o
 .group         0x0000000000000000        0xc Src/syscalls.o
 .group         0x0000000000000000        0xc Src/syscalls.o
 .group         0x0000000000000000        0xc Src/syscalls.o
 .group         0x0000000000000000        0xc Src/syscalls.o
 .group         0x0000000000000000        0xc Src/syscalls.o
 .group         0x0000000000000000        0xc Src/syscalls.o
 .group         0x0000000000000000        0xc Src/syscalls.o
 .group         0x0000000000000000        0xc Src/syscalls.o
 .group         0x0000000000000000        0xc Src/syscalls.o
 .group         0x0000000000000000        0xc Src/syscalls.o
 .group         0x0000000000000000        0xc Src/syscalls.o
 .group         0x0000000000000000        0xc Src/syscalls.o
 .group         0x0000000000000000        0xc Src/syscalls.o
 .group         0x0000000000000000        0xc Src/syscalls.o
 .group         0x0000000000000000        0xc Src/syscalls.o
 .group         0x0000000000000000        0xc Src/syscalls.o
 .group         0x0000000000000000        0xc Src/syscalls.o
 .group         0x0000000000000000        0xc Src/syscalls.o
 .group         0x0000000000000000        0xc Src/syscalls.o
 .group         0x0000000000000000        0xc Src/syscalls.o
 .group         0x0000000000000000        0xc Src/syscalls.o
 .group         0x0000000000000000        0xc Src/syscalls.o
 .group         0x0000000000000000        0xc Src/syscalls.o
 .group         0x0000000000000000        0xc Src/syscalls.o
 .group         0x0000000000000000        0xc Src/syscalls.o
 .group         0x0000000000000000        0xc Src/syscalls.o
 .group         0x0000000000000000        0xc Src/syscalls.o
 .group         0x0000000000000000        0xc Src/syscalls.o
 .group         0x0000000000000000        0xc Src/syscalls.o
 .group         0x0000000000000000        0xc Src/syscalls.o
 .group         0x0000000000000000        0xc Src/syscalls.o
 .group         0x0000000000000000        0xc Src/syscalls.o
 .group         0x0000000000000000        0xc Src/syscalls.o
 .group         0x0000000000000000        0xc Src/syscalls.o
 .text          0x0000000000000000        0x0 Src/syscalls.o
 .data          0x0000000000000000        0x0 Src/syscalls.o
 .bss           0x0000000000000000        0x0 Src/syscalls.o
 .bss.__env     0x0000000000000000        0x4 Src/syscalls.o
 .data.environ  0x0000000000000000        0x4 Src/syscalls.o
 .text.initialise_monitor_handles
                0x0000000000000000        0xc Src/syscalls.o
 .text._getpid  0x0000000000000000        0xe Src/syscalls.o
 .text._kill    0x0000000000000000       0x20 Src/syscalls.o
 .text._exit    0x0000000000000000       0x14 Src/syscalls.o
 .text._read    0x0000000000000000       0x3a Src/syscalls.o
 .text._write   0x0000000000000000       0x38 Src/syscalls.o
 .text._close   0x0000000000000000       0x16 Src/syscalls.o
 .text._fstat   0x0000000000000000       0x1e Src/syscalls.o
 .text._isatty  0x0000000000000000       0x14 Src/syscalls.o
 .text._lseek   0x0000000000000000       0x18 Src/syscalls.o
 .text._open    0x0000000000000000       0x1a Src/syscalls.o
 .text._wait    0x0000000000000000       0x1e Src/syscalls.o
 .text._unlink  0x0000000000000000       0x1e Src/syscalls.o
 .text._times   0x0000000000000000       0x16 Src/syscalls.o
 .text._stat    0x0000000000000000       0x1e Src/syscalls.o
 .text._link    0x0000000000000000       0x20 Src/syscalls.o
 .text._fork    0x0000000000000000       0x16 Src/syscalls.o
 .text._execve  0x0000000000000000       0x22 Src/syscalls.o
 .debug_info    0x0000000000000000     0x1038 Src/syscalls.o
 .debug_abbrev  0x0000000000000000      0x254 Src/syscalls.o
 .debug_loc     0x0000000000000000      0x5b8 Src/syscalls.o
 .debug_aranges
                0x0000000000000000       0xa8 Src/syscalls.o
 .debug_ranges  0x0000000000000000       0x98 Src/syscalls.o
 .debug_macro   0x0000000000000000      0x243 Src/syscalls.o
 .debug_macro   0x0000000000000000      0xa60 Src/syscalls.o
 .debug_macro   0x0000000000000000       0x22 Src/syscalls.o
 .debug_macro   0x0000000000000000       0x40 Src/syscalls.o
 .debug_macro   0x0000000000000000       0x18 Src/syscalls.o
 .debug_macro   0x0000000000000000       0x94 Src/syscalls.o
 .debug_macro   0x0000000000000000       0x3c Src/syscalls.o
 .debug_macro   0x0000000000000000       0x34 Src/syscalls.o
 .debug_macro   0x0000000000000000       0x57 Src/syscalls.o
 .debug_macro   0x0000000000000000      0x174 Src/syscalls.o
 .debug_macro   0x0000000000000000      0x330 Src/syscalls.o
 .debug_macro   0x0000000000000000       0x52 Src/syscalls.o
 .debug_macro   0x0000000000000000       0x1f Src/syscalls.o
 .debug_macro   0x0000000000000000       0x43 Src/syscalls.o
 .debug_macro   0x0000000000000000       0x20 Src/syscalls.o
 .debug_macro   0x0000000000000000      0x1a3 Src/syscalls.o
 .debug_macro   0x0000000000000000       0x10 Src/syscalls.o
 .debug_macro   0x0000000000000000       0x35 Src/syscalls.o
 .debug_macro   0x0000000000000000       0x10 Src/syscalls.o
 .debug_macro   0x0000000000000000       0x10 Src/syscalls.o
 .debug_macro   0x0000000000000000       0x10 Src/syscalls.o
 .debug_macro   0x0000000000000000       0x6a Src/syscalls.o
 .debug_macro   0x0000000000000000       0x1c Src/syscalls.o
 .debug_macro   0x0000000000000000       0x52 Src/syscalls.o
 .debug_macro   0x0000000000000000       0x40 Src/syscalls.o
 .debug_macro   0x0000000000000000       0x10 Src/syscalls.o
 .debug_macro   0x0000000000000000       0x40 Src/syscalls.o
 .debug_macro   0x0000000000000000       0xd7 Src/syscalls.o
 .debug_macro   0x0000000000000000       0x1c Src/syscalls.o
 .debug_macro   0x0000000000000000       0x3d Src/syscalls.o
 .debug_macro   0x0000000000000000       0x35 Src/syscalls.o
 .debug_macro   0x0000000000000000      0x122 Src/syscalls.o
 .debug_macro   0x0000000000000000       0x16 Src/syscalls.o
 .debug_macro   0x0000000000000000       0x16 Src/syscalls.o
 .debug_macro   0x0000000000000000       0x29 Src/syscalls.o
 .debug_macro   0x0000000000000000       0x10 Src/syscalls.o
 .debug_macro   0x0000000000000000      0x241 Src/syscalls.o
 .debug_macro   0x0000000000000000       0x1c Src/syscalls.o
 .debug_macro   0x0000000000000000       0x10 Src/syscalls.o
 .debug_macro   0x0000000000000000       0x10 Src/syscalls.o
 .debug_macro   0x0000000000000000       0x16 Src/syscalls.o
 .debug_macro   0x0000000000000000      0x145 Src/syscalls.o
 .debug_macro   0x0000000000000000      0x189 Src/syscalls.o
 .debug_macro   0x0000000000000000       0x16 Src/syscalls.o
 .debug_macro   0x0000000000000000       0x88 Src/syscalls.o
 .debug_line    0x0000000000000000      0x72a Src/syscalls.o
 .debug_str     0x0000000000000000     0x88a1 Src/syscalls.o
 .comment       0x0000000000000000       0x7c Src/syscalls.o
 .debug_frame   0x0000000000000000      0x2ac Src/syscalls.o
 .ARM.attributes
                0x0000000000000000       0x33 Src/syscalls.o
 .group         0x0000000000000000        0xc Src/sysmem.o
 .group         0x0000000000000000        0xc Src/sysmem.o
 .group         0x0000000000000000        0xc Src/sysmem.o
 .group         0x0000000000000000        0xc Src/sysmem.o
 .group         0x0000000000000000        0xc Src/sysmem.o
 .group         0x0000000000000000        0xc Src/sysmem.o
 .group         0x0000000000000000        0xc Src/sysmem.o
 .group         0x0000000000000000        0xc Src/sysmem.o
 .group         0x0000000000000000        0xc Src/sysmem.o
 .group         0x0000000000000000        0xc Src/sysmem.o
 .group         0x0000000000000000        0xc Src/sysmem.o
 .group         0x0000000000000000        0xc Src/sysmem.o
 .group         0x0000000000000000        0xc Src/sysmem.o
 .group         0x0000000000000000        0xc Src/sysmem.o
 .group         0x0000000000000000        0xc Src/sysmem.o
 .group         0x0000000000000000        0xc Src/sysmem.o
 .group         0x0000000000000000        0xc Src/sysmem.o
 .group         0x0000000000000000        0xc Src/sysmem.o
 .group         0x0000000000000000        0xc Src/sysmem.o
 .text          0x0000000000000000        0x0 Src/sysmem.o
 .data          0x0000000000000000        0x0 Src/sysmem.o
 .bss           0x0000000000000000        0x0 Src/sysmem.o
 .bss.__sbrk_heap_end
                0x0000000000000000        0x4 Src/sysmem.o
 .text._sbrk    0x0000000000000000       0x6c Src/sysmem.o
 .debug_info    0x0000000000000000      0xa7c Src/sysmem.o
 .debug_abbrev  0x0000000000000000      0x18e Src/sysmem.o
 .debug_loc     0x0000000000000000       0x50 Src/sysmem.o
 .debug_aranges
                0x0000000000000000       0x20 Src/sysmem.o
 .debug_ranges  0x0000000000000000       0x10 Src/sysmem.o
 .debug_macro   0x0000000000000000       0xee Src/sysmem.o
 .debug_macro   0x0000000000000000      0xa60 Src/sysmem.o
 .debug_macro   0x0000000000000000       0x10 Src/sysmem.o
 .debug_macro   0x0000000000000000       0x22 Src/sysmem.o
 .debug_macro   0x0000000000000000       0x40 Src/sysmem.o
 .debug_macro   0x0000000000000000       0x18 Src/sysmem.o
 .debug_macro   0x0000000000000000       0x94 Src/sysmem.o
 .debug_macro   0x0000000000000000       0x3c Src/sysmem.o
 .debug_macro   0x0000000000000000       0x34 Src/sysmem.o
 .debug_macro   0x0000000000000000      0x174 Src/sysmem.o
 .debug_macro   0x0000000000000000       0x57 Src/sysmem.o
 .debug_macro   0x0000000000000000       0x52 Src/sysmem.o
 .debug_macro   0x0000000000000000       0x1f Src/sysmem.o
 .debug_macro   0x0000000000000000       0x43 Src/sysmem.o
 .debug_macro   0x0000000000000000       0x20 Src/sysmem.o
 .debug_macro   0x0000000000000000      0x1a3 Src/sysmem.o
 .debug_macro   0x0000000000000000      0x23b Src/sysmem.o
 .debug_macro   0x0000000000000000       0xef Src/sysmem.o
 .debug_macro   0x0000000000000000       0x6a Src/sysmem.o
 .debug_macro   0x0000000000000000      0x1df Src/sysmem.o
 .debug_line    0x0000000000000000      0x4b3 Src/sysmem.o
 .debug_str     0x0000000000000000     0x5f6f Src/sysmem.o
 .comment       0x0000000000000000       0x7c Src/sysmem.o
 .debug_frame   0x0000000000000000       0x34 Src/sysmem.o
 .ARM.attributes
                0x0000000000000000       0x33 Src/sysmem.o
 .text          0x0000000000000000       0x14 Startup/startup_stm32f103c6tx.o
 .data          0x0000000000000000        0x0 Startup/startup_stm32f103c6tx.o
 .bss           0x0000000000000000        0x0 Startup/startup_stm32f103c6tx.o
 .text          0x0000000000000000        0x0 d:/stm32cubeide_1.4.0/stm32cubeide/plugins/com.st.stm32cube.ide.mcu.externaltools.gnu-tools-for-stm32.7-2018-q2-update.win32_1.4.0.202007081208/tools/bin/../lib/gcc/arm-none-eabi/7.3.1/../../../../arm-none-eabi/lib/thumb/v7-m\libc_nano.a(lib_a-errno.o)
 .data          0x0000000000000000        0x0 d:/stm32cubeide_1.4.0/stm32cubeide/plugins/com.st.stm32cube.ide.mcu.externaltools.gnu-tools-for-stm32.7-2018-q2-update.win32_1.4.0.202007081208/tools/bin/../lib/gcc/arm-none-eabi/7.3.1/../../../../arm-none-eabi/lib/thumb/v7-m\libc_nano.a(lib_a-errno.o)
 .bss           0x0000000000000000        0x0 d:/stm32cubeide_1.4.0/stm32cubeide/plugins/com.st.stm32cube.ide.mcu.externaltools.gnu-tools-for-stm32.7-2018-q2-update.win32_1.4.0.202007081208/tools/bin/../lib/gcc/arm-none-eabi/7.3.1/../../../../arm-none-eabi/lib/thumb/v7-m\libc_nano.a(lib_a-errno.o)
 .text.__errno  0x0000000000000000        0xc d:/stm32cubeide_1.4.0/stm32cubeide/plugins/com.st.stm32cube.ide.mcu.externaltools.gnu-tools-for-stm32.7-2018-q2-update.win32_1.4.0.202007081208/tools/bin/../lib/gcc/arm-none-eabi/7.3.1/../../../../arm-none-eabi/lib/thumb/v7-m\libc_nano.a(lib_a-errno.o)
 .debug_frame   0x0000000000000000       0x20 d:/stm32cubeide_1.4.0/stm32cubeide/plugins/com.st.stm32cube.ide.mcu.externaltools.gnu-tools-for-stm32.7-2018-q2-update.win32_1.4.0.202007081208/tools/bin/../lib/gcc/arm-none-eabi/7.3.1/../../../../arm-none-eabi/lib/thumb/v7-m\libc_nano.a(lib_a-errno.o)
 .ARM.attributes
                0x0000000000000000       0x2d d:/stm32cubeide_1.4.0/stm32cubeide/plugins/com.st.stm32cube.ide.mcu.externaltools.gnu-tools-for-stm32.7-2018-q2-update.win32_1.4.0.202007081208/tools/bin/../lib/gcc/arm-none-eabi/7.3.1/../../../../arm-none-eabi/lib/thumb/v7-m\libc_nano.a(lib_a-errno.o)
 .text          0x0000000000000000        0x0 d:/stm32cubeide_1.4.0/stm32cubeide/plugins/com.st.stm32cube.ide.mcu.externaltools.gnu-tools-for-stm32.7-2018-q2-update.win32_1.4.0.202007081208/tools/bin/../lib/gcc/arm-none-eabi/7.3.1/../../../../arm-none-eabi/lib/thumb/v7-m\libc_nano.a(lib_a-exit.o)
 .data          0x0000000000000000        0x0 d:/stm32cubeide_1.4.0/stm32cubeide/plugins/com.st.stm32cube.ide.mcu.externaltools.gnu-tools-for-stm32.7-2018-q2-update.win32_1.4.0.202007081208/tools/bin/../lib/gcc/arm-none-eabi/7.3.1/../../../../arm-none-eabi/lib/thumb/v7-m\libc_nano.a(lib_a-exit.o)
 .bss           0x0000000000000000        0x0 d:/stm32cubeide_1.4.0/stm32cubeide/plugins/com.st.stm32cube.ide.mcu.externaltools.gnu-tools-for-stm32.7-2018-q2-update.win32_1.4.0.202007081208/tools/bin/../lib/gcc/arm-none-eabi/7.3.1/../../../../arm-none-eabi/lib/thumb/v7-m\libc_nano.a(lib_a-exit.o)
 .text.exit     0x0000000000000000       0x28 d:/stm32cubeide_1.4.0/stm32cubeide/plugins/com.st.stm32cube.ide.mcu.externaltools.gnu-tools-for-stm32.7-2018-q2-update.win32_1.4.0.202007081208/tools/bin/../lib/gcc/arm-none-eabi/7.3.1/../../../../arm-none-eabi/lib/thumb/v7-m\libc_nano.a(lib_a-exit.o)
 .debug_frame   0x0000000000000000       0x28 d:/stm32cubeide_1.4.0/stm32cubeide/plugins/com.st.stm32cube.ide.mcu.externaltools.gnu-tools-for-stm32.7-2018-q2-update.win32_1.4.0.202007081208/tools/bin/../lib/gcc/arm-none-eabi/7.3.1/../../../../arm-none-eabi/lib/thumb/v7-m\libc_nano.a(lib_a-exit.o)
 .ARM.attributes
                0x0000000000000000       0x2d d:/stm32cubeide_1.4.0/stm32cubeide/plugins/com.st.stm32cube.ide.mcu.externaltools.gnu-tools-for-stm32.7-2018-q2-update.win32_1.4.0.202007081208/tools/bin/../lib/gcc/arm-none-eabi/7.3.1/../../../../arm-none-eabi/lib/thumb/v7-m\libc_nano.a(lib_a-exit.o)
 .text          0x0000000000000000        0x0 d:/stm32cubeide_1.4.0/stm32cubeide/plugins/com.st.stm32cube.ide.mcu.externaltools.gnu-tools-for-stm32.7-2018-q2-update.win32_1.4.0.202007081208/tools/bin/../lib/gcc/arm-none-eabi/7.3.1/../../../../arm-none-eabi/lib/thumb/v7-m\libc_nano.a(lib_a-impure.o)
 .data          0x0000000000000000        0x0 d:/stm32cubeide_1.4.0/stm32cubeide/plugins/com.st.stm32cube.ide.mcu.externaltools.gnu-tools-for-stm32.7-2018-q2-update.win32_1.4.0.202007081208/tools/bin/../lib/gcc/arm-none-eabi/7.3.1/../../../../arm-none-eabi/lib/thumb/v7-m\libc_nano.a(lib_a-impure.o)
 .bss           0x0000000000000000        0x0 d:/stm32cubeide_1.4.0/stm32cubeide/plugins/com.st.stm32cube.ide.mcu.externaltools.gnu-tools-for-stm32.7-2018-q2-update.win32_1.4.0.202007081208/tools/bin/../lib/gcc/arm-none-eabi/7.3.1/../../../../arm-none-eabi/lib/thumb/v7-m\libc_nano.a(lib_a-impure.o)
 .data._impure_ptr
                0x0000000000000000        0x4 d:/stm32cubeide_1.4.0/stm32cubeide/plugins/com.st.stm32cube.ide.mcu.externaltools.gnu-tools-for-stm32.7-2018-q2-update.win32_1.4.0.202007081208/tools/bin/../lib/gcc/arm-none-eabi/7.3.1/../../../../arm-none-eabi/lib/thumb/v7-m\libc_nano.a(lib_a-impure.o)
 .data.impure_data
                0x0000000000000000       0x60 d:/stm32cubeide_1.4.0/stm32cubeide/plugins/com.st.stm32cube.ide.mcu.externaltools.gnu-tools-for-stm32.7-2018-q2-update.win32_1.4.0.202007081208/tools/bin/../lib/gcc/arm-none-eabi/7.3.1/../../../../arm-none-eabi/lib/thumb/v7-m\libc_nano.a(lib_a-impure.o)
 .rodata._global_impure_ptr
                0x0000000000000000        0x4 d:/stm32cubeide_1.4.0/stm32cubeide/plugins/com.st.stm32cube.ide.mcu.externaltools.gnu-tools-for-stm32.7-2018-q2-update.win32_1.4.0.202007081208/tools/bin/../lib/gcc/arm-none-eabi/7.3.1/../../../../arm-none-eabi/lib/thumb/v7-m\libc_nano.a(lib_a-impure.o)
 .ARM.attributes
                0x0000000000000000       0x2d d:/stm32cubeide_1.4.0/stm32cubeide/plugins/com.st.stm32cube.ide.mcu.externaltools.gnu-tools-for-stm32.7-2018-q2-update.win32_1.4.0.202007081208/tools/bin/../lib/gcc/arm-none-eabi/7.3.1/../../../../arm-none-eabi/lib/thumb/v7-m\libc_nano.a(lib_a-impure.o)
 .text          0x0000000000000000        0x0 d:/stm32cubeide_1.4.0/stm32cubeide/plugins/com.st.stm32cube.ide.mcu.externaltools.gnu-tools-for-stm32.7-2018-q2-update.win32_1.4.0.202007081208/tools/bin/../lib/gcc/arm-none-eabi/7.3.1/../../../../arm-none-eabi/lib/thumb/v7-m\libc_nano.a(lib_a-init.o)
 .data          0x0000000000000000        0x0 d:/stm32cubeide_1.4.0/stm32cubeide/plugins/com.st.stm32cube.ide.mcu.externaltools.gnu-tools-for-stm32.7-2018-q2-update.win32_1.4.0.202007081208/tools/bin/../lib/gcc/arm-none-eabi/7.3.1/../../../../arm-none-eabi/lib/thumb/v7-m\libc_nano.a(lib_a-init.o)
 .bss           0x0000000000000000        0x0 d:/stm32cubeide_1.4.0/stm32cubeide/plugins/com.st.stm32cube.ide.mcu.externaltools.gnu-tools-for-stm32.7-2018-q2-update.win32_1.4.0.202007081208/tools/bin/../lib/gcc/arm-none-eabi/7.3.1/../../../../arm-none-eabi/lib/thumb/v7-m\libc_nano.a(lib_a-init.o)
 .text          0x0000000000000000        0x0 d:/stm32cubeide_1.4.0/stm32cubeide/plugins/com.st.stm32cube.ide.mcu.externaltools.gnu-tools-for-stm32.7-2018-q2-update.win32_1.4.0.202007081208/tools/bin/../lib/gcc/arm-none-eabi/7.3.1/../../../../arm-none-eabi/lib/thumb/v7-m\libc_nano.a(lib_a-memset.o)
 .data          0x0000000000000000        0x0 d:/stm32cubeide_1.4.0/stm32cubeide/plugins/com.st.stm32cube.ide.mcu.externaltools.gnu-tools-for-stm32.7-2018-q2-update.win32_1.4.0.202007081208/tools/bin/../lib/gcc/arm-none-eabi/7.3.1/../../../../arm-none-eabi/lib/thumb/v7-m\libc_nano.a(lib_a-memset.o)
 .bss           0x0000000000000000        0x0 d:/stm32cubeide_1.4.0/stm32cubeide/plugins/com.st.stm32cube.ide.mcu.externaltools.gnu-tools-for-stm32.7-2018-q2-update.win32_1.4.0.202007081208/tools/bin/../lib/gcc/arm-none-eabi/7.3.1/../../../../arm-none-eabi/lib/thumb/v7-m\libc_nano.a(lib_a-memset.o)
 .text.memset   0x0000000000000000       0x10 d:/stm32cubeide_1.4.0/stm32cubeide/plugins/com.st.stm32cube.ide.mcu.externaltools.gnu-tools-for-stm32.7-2018-q2-update.win32_1.4.0.202007081208/tools/bin/../lib/gcc/arm-none-eabi/7.3.1/../../../../arm-none-eabi/lib/thumb/v7-m\libc_nano.a(lib_a-memset.o)
 .debug_frame   0x0000000000000000       0x20 d:/stm32cubeide_1.4.0/stm32cubeide/plugins/com.st.stm32cube.ide.mcu.externaltools.gnu-tools-for-stm32.7-2018-q2-update.win32_1.4.0.202007081208/tools/bin/../lib/gcc/arm-none-eabi/7.3.1/../../../../arm-none-eabi/lib/thumb/v7-m\libc_nano.a(lib_a-memset.o)
 .ARM.attributes
                0x0000000000000000       0x2d d:/stm32cubeide_1.4.0/stm32cubeide/plugins/com.st.stm32cube.ide.mcu.externaltools.gnu-tools-for-stm32.7-2018-q2-update.win32_1.4.0.202007081208/tools/bin/../lib/gcc/arm-none-eabi/7.3.1/../../../../arm-none-eabi/lib/thumb/v7-m\libc_nano.a(lib_a-memset.o)
 .text          0x0000000000000000        0x0 d:/stm32cubeide_1.4.0/stm32cubeide/plugins/com.st.stm32cube.ide.mcu.externaltools.gnu-tools-for-stm32.7-2018-q2-update.win32_1.4.0.202007081208/tools/bin/../lib/gcc/arm-none-eabi/7.3.1/thumb/v7-m/crtend.o
 .data          0x0000000000000000        0x0 d:/stm32cubeide_1.4.0/stm32cubeide/plugins/com.st.stm32cube.ide.mcu.externaltools.gnu-tools-for-stm32.7-2018-q2-update.win32_1.4.0.202007081208/tools/bin/../lib/gcc/arm-none-eabi/7.3.1/thumb/v7-m/crtend.o
 .bss           0x0000000000000000        0x0 d:/stm32cubeide_1.4.0/stm32cubeide/plugins/com.st.stm32cube.ide.mcu.externaltools.gnu-tools-for-stm32.7-2018-q2-update.win32_1.4.0.202007081208/tools/bin/../lib/gcc/arm-none-eabi/7.3.1/thumb/v7-m/crtend.o
 .eh_frame      0x0000000000000000        0x4 d:/stm32cubeide_1.4.0/stm32cubeide/plugins/com.st.stm32cube.ide.mcu.externaltools.gnu-tools-for-stm32.7-2018-q2-update.win32_1.4.0.202007081208/tools/bin/../lib/gcc/arm-none-eabi/7.3.1/thumb/v7-m/crtend.o
 .ARM.attributes
                0x0000000000000000       0x2d d:/stm32cubeide_1.4.0/stm32cubeide/plugins/com.st.stm32cube.ide.mcu.externaltools.gnu-tools-for-stm32.7-2018-q2-update.win32_1.4.0.202007081208/tools/bin/../lib/gcc/arm-none-eabi/7.3.1/thumb/v7-m/crtend.o
 .text          0x0000000000000000        0x0 d:/stm32cubeide_1.4.0/stm32cubeide/plugins/com.st.stm32cube.ide.mcu.externaltools.gnu-tools-for-stm32.7-2018-q2-update.win32_1.4.0.202007081208/tools/bin/../lib/gcc/arm-none-eabi/7.3.1/thumb/v7-m/crtn.o
 .data          0x0000000000000000        0x0 d:/stm32cubeide_1.4.0/stm32cubeide/plugins/com.st.stm32cube.ide.mcu.externaltools.gnu-tools-for-stm32.7-2018-q2-update.win32_1.4.0.202007081208/tools/bin/../lib/gcc/arm-none-eabi/7.3.1/thumb/v7-m/crtn.o
 .bss           0x0000000000000000        0x0 d:/stm32cubeide_1.4.0/stm32cubeide/plugins/com.st.stm32cube.ide.mcu.externaltools.gnu-tools-for-stm32.7-2018-q2-update.win32_1.4.0.202007081208/tools/bin/../lib/gcc/arm-none-eabi/7.3.1/thumb/v7-m/crtn.o

Memory Configuration

Name             Origin             Length             Attributes
RAM              0x0000000020000000 0x0000000000002800 xrw
ROM              0x0000000008000000 0x0000000000008000 xr
*default*        0x0000000000000000 0xffffffffffffffff

Linker script and memory map

LOAD d:/stm32cubeide_1.4.0/stm32cubeide/plugins/com.st.stm32cube.ide.mcu.externaltools.gnu-tools-for-stm32.7-2018-q2-update.win32_1.4.0.202007081208/tools/bin/../lib/gcc/arm-none-eabi/7.3.1/thumb/v7-m/crti.o
LOAD d:/stm32cubeide_1.4.0/stm32cubeide/plugins/com.st.stm32cube.ide.mcu.externaltools.gnu-tools-for-stm32.7-2018-q2-update.win32_1.4.0.202007081208/tools/bin/../lib/gcc/arm-none-eabi/7.3.1/thumb/v7-m/crtbegin.o
LOAD d:/stm32cubeide_1.4.0/stm32cubeide/plugins/com.st.stm32cube.ide.mcu.externaltools.gnu-tools-for-stm32.7-2018-q2-update.win32_1.4.0.202007081208/tools/bin/../lib/gcc/arm-none-eabi/7.3.1/../../../../arm-none-eabi/lib/thumb/v7-m/crt0.o
LOAD STM32F103C6_Drivers/7_segment/7segment.o
LOAD STM32F103C6_Drivers/EXTI/stm32f103c6_exti_driver.o
LOAD STM32F103C6_Drivers/GPIO/stm32f103c6_gpio_driver.o
LOAD STM32F103C6_Drivers/KeyPad_Driver/keyPad.o
LOAD STM32F103C6_Drivers/LCD_Driver/lcd.o
LOAD Src/main.o
LOAD Src/syscalls.o
LOAD Src/sysmem.o
LOAD Startup/startup_stm32f103c6tx.o
START GROUP
LOAD d:/stm32cubeide_1.4.0/stm32cubeide/plugins/com.st.stm32cube.ide.mcu.externaltools.gnu-tools-for-stm32.7-2018-q2-update.win32_1.4.0.202007081208/tools/bin/../lib/gcc/arm-none-eabi/7.3.1/../../../../arm-none-eabi/lib/thumb/v7-m\libc_nano.a
LOAD d:/stm32cubeide_1.4.0/stm32cubeide/plugins/com.st.stm32cube.ide.mcu.externaltools.gnu-tools-for-stm32.7-2018-q2-update.win32_1.4.0.202007081208/tools/bin/../lib/gcc/arm-none-eabi/7.3.1/../../../../arm-none-eabi/lib/thumb/v7-m\libm.a
END GROUP
START GROUP
LOAD d:/stm32cubeide_1.4.0/stm32cubeide/plugins/com.st.stm32cube.ide.mcu.externaltools.gnu-tools-for-stm32.7-2018-q2-update.win32_1.4.0.202007081208/tools/bin/../lib/gcc/arm-none-eabi/7.3.1/thumb/v7-m\libgcc.a
LOAD d:/stm32cubeide_1.4.0/stm32cubeide/plugins/com.st.stm32cube.ide.mcu.externaltools.gnu-tools-for-stm32.7-2018-q2-update.win32_1.4.0.202007081208/tools/bin/../lib/gcc/arm-none-eabi/7.3.1/../../../../arm-none-eabi/lib/thumb/v7-m\libg_nano.a
LOAD d:/stm32cubeide_1.4.0/stm32cubeide/plugins/com.st.stm32cube.ide.mcu.externaltools.gnu-tools-for-stm32.7-2018-q2-update.win32_1.4.0.202007081208/tools/bin/../lib/gcc/arm-none-eabi/7.3.1/../../../../arm-none-eabi/lib/thumb/v7-m\libc_nano.a
END GROUP
START GROUP
LOAD d:/stm32cubeide_1.4.0/stm32cubeide/plugins/com.st.stm32cube.ide.mcu.externaltools.gnu-tools-for-stm32.7-2018-q2-update.win32_1.4.0.202007081208/tools/bin/../lib/gcc/arm-none-eabi/7.3.1/thumb/v7-m\libgcc.a
LOAD d:/stm32cubeide_1.4.0/stm32cubeide/plugins/com.st.stm32cube.ide.mcu.externaltools.gnu-tools-for-stm32.7-2018-q2-update.win32_1.4.0.202007081208/tools/bin/../lib/gcc/arm-none-eabi/7.3.1/../../../../arm-none-eabi/lib/thumb/v7-m\libc_nano.a
LOAD d:/stm32cubeide_1.4.0/stm32cubeide/plugins/com.st.stm32cube.ide.mcu.externaltools.gnu-tools-for-stm32.7-2018-q2-update.win32_1.4.0.202007081208/tools/bin/../lib/gcc/arm-none-eabi/7.3.1/../../../../arm-none-eabi/lib/thumb/v7-m\libnosys.a
END GROUP
START GROUP
LOAD d:/stm32cubeide_1.4.0/stm32cubeide/plugins/com.st.stm32cube.ide.mcu.externaltools.gnu-tools-for-stm32.7-2018-q2-update.win32_1.4.0.202007081208/tools/bin/../lib/gcc/arm-none-eabi/7.3.1/thumb/v7-m\libgcc.a
LOAD d:/stm32cubeide_1.4.0/stm32cubeide/plugins/com.st.stm32cube.ide.mcu.externaltools.gnu-tools-for-stm32.7-2018-q2-update.win32_1.4.0.202007081208/tools/bin/../lib/gcc/arm-none-eabi/7.3.1/../../../../arm-none-eabi/lib/thumb/v7-m\libc_nano.a
LOAD d:/stm32cubeide_1.4.0/stm32cubeide/plugins/com.st.stm32cube.ide.mcu.externaltools.gnu-tools-for-stm32.7-2018-q2-update.win32_1.4.0.202007081208/tools/bin/../lib/gcc/arm-none-eabi/7.3.1/../../../../arm-none-eabi/lib/thumb/v7-m\libnosys.a
END GROUP
LOAD d:/stm32cubeide_1.4.0/stm32cubeide/plugins/com.st.stm32cube.ide.mcu.externaltools.gnu-tools-for-stm32.7-2018-q2-update.win32_1.4.0.202007081208/tools/bin/../lib/gcc/arm-none-eabi/7.3.1/thumb/v7-m/crtend.o
LOAD d:/stm32cubeide_1.4.0/stm32cubeide/plugins/com.st.stm32cube.ide.mcu.externaltools.gnu-tools-for-stm32.7-2018-q2-update.win32_1.4.0.202007081208/tools/bin/../lib/gcc/arm-none-eabi/7.3.1/thumb/v7-m/crtn.o
                0x0000000020002800                _estack = (ORIGIN (RAM) + LENGTH (RAM))
                0x0000000000000200                _Min_Heap_Size = 0x200
                0x0000000000000400                _Min_Stack_Size = 0x400

.isr_vector     0x0000000008000000      0x130
                0x0000000008000000                . = ALIGN (0x4)
 *(.isr_vector)
 .isr_vector    0x0000000008000000      0x130 Startup/startup_stm32f103c6tx.o
                0x0000000008000000                g_pfnVectors
                0x0000000008000130                . = ALIGN (0x4)

.text           0x0000000008000130      0xd98
                0x0000000008000130                . = ALIGN (0x4)
 *(.text)
 .text          0x0000000008000130       0x40 d:/stm32cubeide_1.4.0/stm32cubeide/plugins/com.st.stm32cube.ide.mcu.externaltools.gnu-tools-for-stm32.7-2018-q2-update.win32_1.4.0.202007081208/tools/bin/../lib/gcc/arm-none-eabi/7.3.1/thumb/v7-m/crtbegin.o
 *(.text*)
 .text.Enable_NVIC
                0x0000000008000170       0xcc STM32F103C6_Drivers/EXTI/stm32f103c6_exti_driver.o
                0x0000000008000170                Enable_NVIC
 .text.Disable_NVIC
                0x000000000800023c       0xcc STM32F103C6_Drivers/EXTI/stm32f103c6_exti_driver.o
                0x000000000800023c                Disable_NVIC
 .text.Update_EXTI
                0x0000000008000308      0x1e0 STM32F103C6_Drivers/EXTI/stm32f103c6_exti_driver.o
                0x0000000008000308                Update_EXTI
 .text.MCAL_EXTI_Init
                0x00000000080004e8       0x16 STM32F103C6_Drivers/EXTI/stm32f103c6_exti_driver.o
                0x00000000080004e8                MCAL_EXTI_Init
 *fill*         0x00000000080004fe        0x2 
 .text.EXTI0_IRQHandler
                0x0000000008000500       0x24 STM32F103C6_Drivers/EXTI/stm32f103c6_exti_driver.o
                0x0000000008000500                EXTI0_IRQHandler
 .text.EXTI1_IRQHandler
                0x0000000008000524       0x24 STM32F103C6_Drivers/EXTI/stm32f103c6_exti_driver.o
                0x0000000008000524                EXTI1_IRQHandler
 .text.EXTI2_IRQHandler
                0x0000000008000548       0x24 STM32F103C6_Drivers/EXTI/stm32f103c6_exti_driver.o
                0x0000000008000548                EXTI2_IRQHandler
 .text.EXTI3_IRQHandler
                0x000000000800056c       0x24 STM32F103C6_Drivers/EXTI/stm32f103c6_exti_driver.o
                0x000000000800056c                EXTI3_IRQHandler
 .text.EXTI4_IRQHandler
                0x0000000008000590       0x24 STM32F103C6_Drivers/EXTI/stm32f103c6_exti_driver.o
                0x0000000008000590                EXTI4_IRQHandler
 .text.EXTI9_5_IRQHandler
                0x00000000080005b4       0xa8 STM32F103C6_Drivers/EXTI/stm32f103c6_exti_driver.o
                0x00000000080005b4                EXTI9_5_IRQHandler
 .text.EXTI15_10_IRQHandler
                0x000000000800065c       0xc4 STM32F103C6_Drivers/EXTI/stm32f103c6_exti_driver.o
                0x000000000800065c                EXTI15_10_IRQHandler
 .text.GET_CRLH_Position
                0x0000000008000720       0xc6 STM32F103C6_Drivers/GPIO/stm32f103c6_gpio_driver.o
                0x0000000008000720                GET_CRLH_Position
 .text.MCAL_GPIO_Init
                0x00000000080007e6       0xfe STM32F103C6_Drivers/GPIO/stm32f103c6_gpio_driver.o
                0x00000000080007e6                MCAL_GPIO_Init
 .text.MCAL_GPIO_ReadPort
                0x00000000080008e4       0x1a STM32F103C6_Drivers/GPIO/stm32f103c6_gpio_driver.o
                0x00000000080008e4                MCAL_GPIO_ReadPort
 .text.MCAL_GPIO_WritePin
                0x00000000080008fe       0x2e STM32F103C6_Drivers/GPIO/stm32f103c6_gpio_driver.o
                0x00000000080008fe                MCAL_GPIO_WritePin
 .text.MCAL_GPIO_WritePort
                0x000000000800092c       0x1c STM32F103C6_Drivers/GPIO/stm32f103c6_gpio_driver.o
                0x000000000800092c                MCAL_GPIO_WritePort
 .text.delay_ms
                0x0000000008000948       0x38 STM32F103C6_Drivers/LCD_Driver/lcd.o
                0x0000000008000948                delay_ms
 .text.LCD_clear_screen
                0x0000000008000980        0xe STM32F103C6_Drivers/LCD_Driver/lcd.o
                0x0000000008000980                LCD_clear_screen
 *fill*         0x000000000800098e        0x2 
 .text.LCD_KICK
                0x0000000008000990       0x30 STM32F103C6_Drivers/LCD_Driver/lcd.o
                0x0000000008000990                LCD_KICK
 .text.LCD_GOTO_XY
                0x00000000080009c0       0x48 STM32F103C6_Drivers/LCD_Driver/lcd.o
                0x00000000080009c0                LCD_GOTO_XY
 .text.LCD_INIT
                0x0000000008000a08       0xa4 STM32F103C6_Drivers/LCD_Driver/lcd.o
                0x0000000008000a08                LCD_INIT
 .text.LCD_IS_BUSY
                0x0000000008000aac      0x1ac STM32F103C6_Drivers/LCD_Driver/lcd.o
                0x0000000008000aac                LCD_IS_BUSY
 .text.LCD_WRITE_COMMAND
                0x0000000008000c58       0x44 STM32F103C6_Drivers/LCD_Driver/lcd.o
                0x0000000008000c58                LCD_WRITE_COMMAND
 .text.LCD_WRITE_CHAR
                0x0000000008000c9c       0x44 STM32F103C6_Drivers/LCD_Driver/lcd.o
                0x0000000008000c9c                LCD_WRITE_CHAR
 .text.LCD_WRITE_STRING
                0x0000000008000ce0       0x58 STM32F103C6_Drivers/LCD_Driver/lcd.o
                0x0000000008000ce0                LCD_WRITE_STRING
 .text.my_wait  0x0000000008000d38       0x38 Src/main.o
                0x0000000008000d38                my_wait
 .text.EXTI9_callback
                0x0000000008000d70       0x28 Src/main.o
                0x0000000008000d70                EXTI9_callback
 .text.main     0x0000000008000d98       0x7c Src/main.o
                0x0000000008000d98                main
 .text.Reset_Handler
                0x0000000008000e14       0x50 Startup/startup_stm32f103c6tx.o
                0x0000000008000e14                Reset_Handler
 .text.Default_Handler
                0x0000000008000e64        0x2 Startup/startup_stm32f103c6tx.o
                0x0000000008000e64                TIM8_TRG_COM_IRQHandler
                0x0000000008000e64                TIM8_CC_IRQHandler
                0x0000000008000e64                DebugMon_Handler
                0x0000000008000e64                TIM1_CC_IRQHandler
                0x0000000008000e64                HardFault_Handler
                0x0000000008000e64                TIM6_IRQHandler
                0x0000000008000e64                SysTick_Handler
                0x0000000008000e64                PVD_IRQHandler
                0x0000000008000e64                SDIO_IRQHandler
                0x0000000008000e64                PendSV_Handler
                0x0000000008000e64                NMI_Handler
                0x0000000008000e64                USB_HP_CAN_TX_IRQHandler
                0x0000000008000e64                I2C2_EV_IRQHandler
                0x0000000008000e64                UsageFault_Handler
                0x0000000008000e64                ADC1_2_IRQHandler
                0x0000000008000e64                SPI1_IRQHandler
                0x0000000008000e64                CAN_SCE_IRQHandler
                0x0000000008000e64                TAMPER_IRQHandler
                0x0000000008000e64                TIM8_UP_IRQHandler
                0x0000000008000e64                DMA2_Channel2_IRQHandler
                0x0000000008000e64                DMA1_Channel4_IRQHandler
                0x0000000008000e64                USART3_IRQHandler
                0x0000000008000e64                RTC_IRQHandler
                0x0000000008000e64                DMA1_Channel7_IRQHandler
                0x0000000008000e64                UART5_IRQHandler
                0x0000000008000e64                ADC3_IRQHandler
                0x0000000008000e64                TIM4_IRQHandler
                0x0000000008000e64                CAN_RX1_IRQHandler
                0x0000000008000e64                DMA2_Channel1_IRQHandler
                0x0000000008000e64                I2C1_EV_IRQHandler
                0x0000000008000e64                DMA1_Channel6_IRQHandler
                0x0000000008000e64                UART4_IRQHandler
                0x0000000008000e64                TIM3_IRQHandler
                0x0000000008000e64                RCC_IRQHandler
                0x0000000008000e64                TIM1_TRG_COM_IRQHandler
                0x0000000008000e64                DMA1_Channel1_IRQHandler
                0x0000000008000e64                Default_Handler
                0x0000000008000e64                TIM7_IRQHandler
                0x0000000008000e64                TIM5_IRQHandler
                0x0000000008000e64                SPI2_IRQHandler
                0x0000000008000e64                USB_LP_CAN_RX0_IRQHandler
                0x0000000008000e64                MemManage_Handler
                0x0000000008000e64                SVC_Handler
                0x0000000008000e64                DMA1_Channel5_IRQHandler
                0x0000000008000e64                DMA1_Channel3_IRQHandler
                0x0000000008000e64                FSMC_IRQHandler
                0x0000000008000e64                TIM1_UP_IRQHandler
                0x0000000008000e64                WWDG_IRQHandler
                0x0000000008000e64                TIM2_IRQHandler
                0x0000000008000e64                TIM1_BRK_IRQHandler
                0x0000000008000e64                RTCAlarm_IRQHandler
                0x0000000008000e64                DMA2_Channel4_5_IRQHandler
                0x0000000008000e64                USART2_IRQHandler
                0x0000000008000e64                I2C2_ER_IRQHandler
                0x0000000008000e64                DMA1_Channel2_IRQHandler
                0x0000000008000e64                TIM8_BRK_IRQHandler
                0x0000000008000e64                FLASH_IRQHandler
                0x0000000008000e64                BusFault_Handler
                0x0000000008000e64                USART1_IRQHandler
                0x0000000008000e64                SPI3_IRQHandler
                0x0000000008000e64                I2C1_ER_IRQHandler
                0x0000000008000e64                DMA2_Channel3_IRQHandler
 *fill*         0x0000000008000e66        0x2 
 .text.__libc_init_array
                0x0000000008000e68       0x48 d:/stm32cubeide_1.4.0/stm32cubeide/plugins/com.st.stm32cube.ide.mcu.externaltools.gnu-tools-for-stm32.7-2018-q2-update.win32_1.4.0.202007081208/tools/bin/../lib/gcc/arm-none-eabi/7.3.1/../../../../arm-none-eabi/lib/thumb/v7-m\libc_nano.a(lib_a-init.o)
                0x0000000008000e68                __libc_init_array
 *(.glue_7)
 .glue_7        0x0000000008000eb0        0x0 linker stubs
 *(.glue_7t)
 .glue_7t       0x0000000008000eb0        0x0 linker stubs
 *(.eh_frame)
 .eh_frame      0x0000000008000eb0        0x0 d:/stm32cubeide_1.4.0/stm32cubeide/plugins/com.st.stm32cube.ide.mcu.externaltools.gnu-tools-for-stm32.7-2018-q2-update.win32_1.4.0.202007081208/tools/bin/../lib/gcc/arm-none-eabi/7.3.1/thumb/v7-m/crtbegin.o
 *(.init)
 .init          0x0000000008000eb0        0x4 d:/stm32cubeide_1.4.0/stm32cubeide/plugins/com.st.stm32cube.ide.mcu.externaltools.gnu-tools-for-stm32.7-2018-q2-update.win32_1.4.0.202007081208/tools/bin/../lib/gcc/arm-none-eabi/7.3.1/thumb/v7-m/crti.o
                0x0000000008000eb0                _init
 .init          0x0000000008000eb4        0x8 d:/stm32cubeide_1.4.0/stm32cubeide/plugins/com.st.stm32cube.ide.mcu.externaltools.gnu-tools-for-stm32.7-2018-q2-update.win32_1.4.0.202007081208/tools/bin/../lib/gcc/arm-none-eabi/7.3.1/thumb/v7-m/crtn.o
 *(.fini)
 .fini          0x0000000008000ebc        0x4 d:/stm32cubeide_1.4.0/stm32cubeide/plugins/com.st.stm32cube.ide.mcu.externaltools.gnu-tools-for-stm32.7-2018-q2-update.win32_1.4.0.202007081208/tools/bin/../lib/gcc/arm-none-eabi/7.3.1/thumb/v7-m/crti.o
                0x0000000008000ebc                _fini
 .fini          0x0000000008000ec0        0x8 d:/stm32cubeide_1.4.0/stm32cubeide/plugins/com.st.stm32cube.ide.mcu.externaltools.gnu-tools-for-stm32.7-2018-q2-update.win32_1.4.0.202007081208/tools/bin/../lib/gcc/arm-none-eabi/7.3.1/thumb/v7-m/crtn.o
                0x0000000008000ec8                . = ALIGN (0x4)
                0x0000000008000ec8                _etext = .

.vfp11_veneer   0x0000000008000ec8        0x0
 .vfp11_veneer  0x0000000008000ec8        0x0 linker stubs

.v4_bx          0x0000000008000ec8        0x0
 .v4_bx         0x0000000008000ec8        0x0 linker stubs

.iplt           0x0000000008000ec8        0x0
 .iplt          0x0000000008000ec8        0x0 d:/stm32cubeide_1.4.0/stm32cubeide/plugins/com.st.stm32cube.ide.mcu.externaltools.gnu-tools-for-stm32.7-2018-q2-update.win32_1.4.0.202007081208/tools/bin/../lib/gcc/arm-none-eabi/7.3.1/thumb/v7-m/crtbegin.o

.rodata         0x0000000008000ec8       0x28
                0x0000000008000ec8                . = ALIGN (0x4)
 *(.rodata)
 .rodata        0x0000000008000ec8       0x28 Src/main.o
 *(.rodata*)
                0x0000000008000ef0                . = ALIGN (0x4)

.rel.dyn        0x0000000008000ef0        0x0
 .rel.iplt      0x0000000008000ef0        0x0 d:/stm32cubeide_1.4.0/stm32cubeide/plugins/com.st.stm32cube.ide.mcu.externaltools.gnu-tools-for-stm32.7-2018-q2-update.win32_1.4.0.202007081208/tools/bin/../lib/gcc/arm-none-eabi/7.3.1/thumb/v7-m/crtbegin.o

.ARM.extab      0x0000000008000ef0        0x0
                0x0000000008000ef0                . = ALIGN (0x4)
 *(.ARM.extab* .gnu.linkonce.armextab.*)
                0x0000000008000ef0                . = ALIGN (0x4)

.ARM            0x0000000008000ef0        0x0
                0x0000000008000ef0                . = ALIGN (0x4)
                0x0000000008000ef0                __exidx_start = .
 *(.ARM.exidx*)
                0x0000000008000ef0                __exidx_end = .
                0x0000000008000ef0                . = ALIGN (0x4)

.preinit_array  0x0000000008000ef0        0x0
                0x0000000008000ef0                . = ALIGN (0x4)
                0x0000000008000ef0                PROVIDE (__preinit_array_start = .)
 *(.preinit_array*)
                0x0000000008000ef0                PROVIDE (__preinit_array_end = .)
                0x0000000008000ef0                . = ALIGN (0x4)

.init_array     0x0000000008000ef0        0x4
                0x0000000008000ef0                . = ALIGN (0x4)
                0x0000000008000ef0                PROVIDE (__init_array_start = .)
 *(SORT_BY_NAME(.init_array.*))
 *(.init_array*)
 .init_array    0x0000000008000ef0        0x4 d:/stm32cubeide_1.4.0/stm32cubeide/plugins/com.st.stm32cube.ide.mcu.externaltools.gnu-tools-for-stm32.7-2018-q2-update.win32_1.4.0.202007081208/tools/bin/../lib/gcc/arm-none-eabi/7.3.1/thumb/v7-m/crtbegin.o
                0x0000000008000ef4                PROVIDE (__init_array_end = .)
                0x0000000008000ef4                . = ALIGN (0x4)

.fini_array     0x0000000008000ef4        0x4
                0x0000000008000ef4                . = ALIGN (0x4)
                [!provide]                        PROVIDE (__fini_array_start = .)
 *(SORT_BY_NAME(.fini_array.*))
 *(.fini_array*)
 .fini_array    0x0000000008000ef4        0x4 d:/stm32cubeide_1.4.0/stm32cubeide/plugins/com.st.stm32cube.ide.mcu.externaltools.gnu-tools-for-stm32.7-2018-q2-update.win32_1.4.0.202007081208/tools/bin/../lib/gcc/arm-none-eabi/7.3.1/thumb/v7-m/crtbegin.o
                [!provide]                        PROVIDE (__fini_array_end = .)
                0x0000000008000ef8                . = ALIGN (0x4)
                0x0000000008000ef8                _sidata = LOADADDR (.data)

.data           0x0000000020000000        0x0 load address 0x0000000008000ef8
                0x0000000020000000                . = ALIGN (0x4)
                0x0000000020000000                _sdata = .
 *(.data)
 *(.data*)
                0x0000000020000000                . = ALIGN (0x4)
                0x0000000020000000                _edata = .

.igot.plt       0x0000000020000000        0x0 load address 0x0000000008000ef8
 .igot.plt      0x0000000020000000        0x0 d:/stm32cubeide_1.4.0/stm32cubeide/plugins/com.st.stm32cube.ide.mcu.externaltools.gnu-tools-for-stm32.7-2018-q2-update.win32_1.4.0.202007081208/tools/bin/../lib/gcc/arm-none-eabi/7.3.1/thumb/v7-m/crtbegin.o
                0x0000000020000000                . = ALIGN (0x4)

.bss            0x0000000020000000       0x60 load address 0x0000000008000ef8
                0x0000000020000000                _sbss = .
                0x0000000020000000                __bss_start__ = _sbss
 *(.bss)
 .bss           0x0000000020000000       0x1c d:/stm32cubeide_1.4.0/stm32cubeide/plugins/com.st.stm32cube.ide.mcu.externaltools.gnu-tools-for-stm32.7-2018-q2-update.win32_1.4.0.202007081208/tools/bin/../lib/gcc/arm-none-eabi/7.3.1/thumb/v7-m/crtbegin.o
 *(.bss*)
 *(COMMON)
 COMMON         0x000000002000001c       0x3c STM32F103C6_Drivers/EXTI/stm32f103c6_exti_driver.o
                0x000000002000001c                GP_IRQ_callBack
 COMMON         0x0000000020000058        0x4 STM32F103C6_Drivers/LCD_Driver/lcd.o
                0x0000000020000058                PinCfg
 COMMON         0x000000002000005c        0x4 Src/main.o
                0x000000002000005c                IRQ_flag
                0x0000000020000060                . = ALIGN (0x4)
                0x0000000020000060                _ebss = .
                0x0000000020000060                __bss_end__ = _ebss

._user_heap_stack
                0x0000000020000060      0x600 load address 0x0000000008000ef8
                0x0000000020000060                . = ALIGN (0x8)
                [!provide]                        PROVIDE (end = .)
                0x0000000020000060                PROVIDE (_end = .)
                0x0000000020000260                . = (. + _Min_Heap_Size)
 *fill*         0x0000000020000060      0x200 
                0x0000000020000660                . = (. + _Min_Stack_Size)
 *fill*         0x0000000020000260      0x400 
                0x0000000020000660                . = ALIGN (0x8)

/DISCARD/
 libc.a(*)
 libm.a(*)
 libgcc.a(*)

.ARM.attributes
                0x0000000000000000       0x29
 *(.ARM.attributes)
 .ARM.attributes
                0x0000000000000000       0x1d d:/stm32cubeide_1.4.0/stm32cubeide/plugins/com.st.stm32cube.ide.mcu.externaltools.gnu-tools-for-stm32.7-2018-q2-update.win32_1.4.0.202007081208/tools/bin/../lib/gcc/arm-none-eabi/7.3.1/thumb/v7-m/crti.o
 .ARM.attributes
                0x000000000000001d       0x2d d:/stm32cubeide_1.4.0/stm32cubeide/plugins/com.st.stm32cube.ide.mcu.externaltools.gnu-tools-for-stm32.7-2018-q2-update.win32_1.4.0.202007081208/tools/bin/../lib/gcc/arm-none-eabi/7.3.1/thumb/v7-m/crtbegin.o
 .ARM.attributes
                0x000000000000004a       0x33 STM32F103C6_Drivers/EXTI/stm32f103c6_exti_driver.o
 .ARM.attributes
                0x000000000000007d       0x33 STM32F103C6_Drivers/GPIO/stm32f103c6_gpio_driver.o
 .ARM.attributes
                0x00000000000000b0       0x33 STM32F103C6_Drivers/LCD_Driver/lcd.o
 .ARM.attributes
                0x00000000000000e3       0x33 Src/main.o
 .ARM.attributes
                0x0000000000000116       0x21 Startup/startup_stm32f103c6tx.o
 .ARM.attributes
                0x0000000000000137       0x2d d:/stm32cubeide_1.4.0/stm32cubeide/plugins/com.st.stm32cube.ide.mcu.externaltools.gnu-tools-for-stm32.7-2018-q2-update.win32_1.4.0.202007081208/tools/bin/../lib/gcc/arm-none-eabi/7.3.1/../../../../arm-none-eabi/lib/thumb/v7-m\libc_nano.a(lib_a-init.o)
 .ARM.attributes
                0x0000000000000164       0x1d d:/stm32cubeide_1.4.0/stm32cubeide/plugins/com.st.stm32cube.ide.mcu.externaltools.gnu-tools-for-stm32.7-2018-q2-update.win32_1.4.0.202007081208/tools/bin/../lib/gcc/arm-none-eabi/7.3.1/thumb/v7-m/crtn.o
OUTPUT(Lesson_4.elf elf32-littlearm)

.debug_info     0x0000000000000000     0x3322
 .debug_info    0x0000000000000000      0xdbf STM32F103C6_Drivers/EXTI/stm32f103c6_exti_driver.o
 .debug_info    0x0000000000000dbf      0xd59 STM32F103C6_Drivers/GPIO/stm32f103c6_gpio_driver.o
 .debug_info    0x0000000000001b18      0xbde STM32F103C6_Drivers/LCD_Driver/lcd.o
 .debug_info    0x00000000000026f6      0xc0a Src/main.o
 .debug_info    0x0000000000003300       0x22 Startup/startup_stm32f103c6tx.o

.debug_abbrev   0x0000000000000000      0x860
 .debug_abbrev  0x0000000000000000      0x239 STM32F103C6_Drivers/EXTI/stm32f103c6_exti_driver.o
 .debug_abbrev  0x0000000000000239      0x241 STM32F103C6_Drivers/GPIO/stm32f103c6_gpio_driver.o
 .debug_abbrev  0x000000000000047a      0x1f4 STM32F103C6_Drivers/LCD_Driver/lcd.o
 .debug_abbrev  0x000000000000066e      0x1e0 Src/main.o
 .debug_abbrev  0x000000000000084e       0x12 Startup/startup_stm32f103c6tx.o

.debug_loc      0x0000000000000000      0x95c
 .debug_loc     0x0000000000000000      0x320 STM32F103C6_Drivers/EXTI/stm32f103c6_exti_driver.o
 .debug_loc     0x0000000000000320      0x330 STM32F103C6_Drivers/GPIO/stm32f103c6_gpio_driver.o
 .debug_loc     0x0000000000000650      0x24c STM32F103C6_Drivers/LCD_Driver/lcd.o
 .debug_loc     0x000000000000089c       0xc0 Src/main.o

.debug_aranges  0x0000000000000000      0x198
 .debug_aranges
                0x0000000000000000       0x80 STM32F103C6_Drivers/EXTI/stm32f103c6_exti_driver.o
 .debug_aranges
                0x0000000000000080       0x60 STM32F103C6_Drivers/GPIO/stm32f103c6_gpio_driver.o
 .debug_aranges
                0x00000000000000e0       0x60 STM32F103C6_Drivers/LCD_Driver/lcd.o
 .debug_aranges
                0x0000000000000140       0x30 Src/main.o
 .debug_aranges
                0x0000000000000170       0x28 Startup/startup_stm32f103c6tx.o

.debug_ranges   0x0000000000000000      0x150
 .debug_ranges  0x0000000000000000       0x70 STM32F103C6_Drivers/EXTI/stm32f103c6_exti_driver.o
 .debug_ranges  0x0000000000000070       0x50 STM32F103C6_Drivers/GPIO/stm32f103c6_gpio_driver.o
 .debug_ranges  0x00000000000000c0       0x50 STM32F103C6_Drivers/LCD_Driver/lcd.o
 .debug_ranges  0x0000000000000110       0x20 Src/main.o
 .debug_ranges  0x0000000000000130       0x20 Startup/startup_stm32f103c6tx.o

.debug_macro    0x0000000000000000      0x99a
 .debug_macro   0x0000000000000000      0x184 STM32F103C6_Drivers/EXTI/stm32f103c6_exti_driver.o
 .debug_macro   0x0000000000000184      0x217 STM32F103C6_Drivers/EXTI/stm32f103c6_exti_driver.o
 .debug_macro   0x000000000000039b      0x16f STM32F103C6_Drivers/GPIO/stm32f103c6_gpio_driver.o
 .debug_macro   0x000000000000050a      0x17e STM32F103C6_Drivers/LCD_Driver/lcd.o
 .debug_macro   0x0000000000000688       0x9a STM32F103C6_Drivers/LCD_Driver/lcd.o
 .debug_macro   0x0000000000000722      0x198 Src/main.o
 .debug_macro   0x00000000000008ba       0x40 Src/main.o
 .debug_macro   0x00000000000008fa       0xa0 Src/main.o

.debug_line     0x0000000000000000     0x1bff
 .debug_line    0x0000000000000000      0x79d STM32F103C6_Drivers/EXTI/stm32f103c6_exti_driver.o
 .debug_line    0x000000000000079d      0x6df STM32F103C6_Drivers/GPIO/stm32f103c6_gpio_driver.o
 .debug_line    0x0000000000000e7c      0x6e0 STM32F103C6_Drivers/LCD_Driver/lcd.o
 .debug_line    0x000000000000155c      0x61f Src/main.o
 .debug_line    0x0000000000001b7b       0x84 Startup/startup_stm32f103c6tx.o

.debug_str      0x0000000000000000     0x956c
 .debug_str     0x0000000000000000     0x8fef STM32F103C6_Drivers/EXTI/stm32f103c6_exti_driver.o
                                       0x9250 (size before relaxing)
 .debug_str     0x0000000000008fef      0x153 STM32F103C6_Drivers/GPIO/stm32f103c6_gpio_driver.o
                                       0x7e5a (size before relaxing)
 .debug_str     0x0000000000009142      0x330 STM32F103C6_Drivers/LCD_Driver/lcd.o
                                       0x803c (size before relaxing)
 .debug_str     0x0000000000009472       0xc9 Src/main.o
                                       0x9388 (size before relaxing)
 .debug_str     0x000000000000953b       0x31 Startup/startup_stm32f103c6tx.o
                                         0x92 (size before relaxing)

.comment        0x0000000000000000       0x7b
 .comment       0x0000000000000000       0x7b STM32F103C6_Drivers/EXTI/stm32f103c6_exti_driver.o
                                         0x7c (size before relaxing)
 .comment       0x000000000000007b       0x7c STM32F103C6_Drivers/GPIO/stm32f103c6_gpio_driver.o
 .comment       0x000000000000007b       0x7c STM32F103C6_Drivers/LCD_Driver/lcd.o
 .comment       0x000000000000007b       0x7c Src/main.o

.debug_frame    0x0000000000000000      0x4fc
 .debug_frame   0x0000000000000000      0x1b0 STM32F103C6_Drivers/EXTI/stm32f103c6_exti_driver.o
 .debug_frame   0x00000000000001b0      0x174 STM32F103C6_Drivers/GPIO/stm32f103c6_gpio_driver.o
 .debug_frame   0x0000000000000324      0x138 STM32F103C6_Drivers/LCD_Driver/lcd.o
 .debug_frame   0x000000000000045c       0x74 Src/main.o
 .debug_frame   0x00000000000004d0       0x2c d:/stm32cubeide_1.4.0/stm32cubeide/plugins/com.st.stm32cube.ide.mcu.externaltools.gnu-tools-for-stm32.7-2018-q2-update.win32_1.4.0.202007081208/tools/bin/../lib/gcc/arm-none-eabi/7.3.1/../../../../arm-none-eabi/lib/thumb/v7-m\libc_nano.a(lib_a-init.o)
