
Memory Configuration

Name             Origin             Length             Attributes
flash            0x0000000008000000 0x0000000000020000 xr
sram             0x0000000020000000 0x0000000000005000 xrw
*default*        0x0000000000000000 0xffffffffffffffff

Linker script and memory map


.text           0x0000000008000000      0x12b
 *(.vectors*)
 .vectors       0x0000000008000000       0x1c startup.o
                0x0000000008000000                vectors
 *(.text*)
 .text          0x000000000800001c       0x7c main.o
                0x000000000800001c                main
 .text          0x0000000008000098       0x90 startup.o
                0x0000000008000098                MM_Fault_Handler
                0x0000000008000098                Usage_Fault_Handler
                0x0000000008000098                Bus_Fault
                0x0000000008000098                Default_Handler
                0x0000000008000098                H_fault_Handler
                0x0000000008000098                NMI_Handler
                0x00000000080000a4                Reset_Handler
 *(.rodata)
 .rodata        0x0000000008000128        0x3 main.o
                0x0000000008000128                arr2
                0x000000000800012b                _E_text = .

.glue_7         0x000000000800012c        0x0
 .glue_7        0x000000000800012c        0x0 linker stubs

.glue_7t        0x000000000800012c        0x0
 .glue_7t       0x000000000800012c        0x0 linker stubs

.vfp11_veneer   0x000000000800012c        0x0
 .vfp11_veneer  0x000000000800012c        0x0 linker stubs

.v4_bx          0x000000000800012c        0x0
 .v4_bx         0x000000000800012c        0x0 linker stubs

.iplt           0x000000000800012c        0x0
 .iplt          0x000000000800012c        0x0 main.o

.rel.dyn        0x000000000800012c        0x0
 .rel.iplt      0x000000000800012c        0x0 main.o

.data           0x0000000020000000        0x8 load address 0x000000000800012b
                0x0000000020000000                _S_DATA = .
 *(.data)
 .data          0x0000000020000000        0x8 main.o
                0x0000000020000000                arr
                0x0000000020000004                R_ODR
 .data          0x0000000020000008        0x0 startup.o
                0x0000000020000008                _E_DATA = .
                0x0000000020000008                . = ALIGN (0x4)

.igot.plt       0x0000000020000008        0x0 load address 0x0000000008000133
 .igot.plt      0x0000000020000008        0x0 main.o

.bss            0x0000000020000008     0x1000 load address 0x0000000008000133
                0x0000000020000008                _S_bss = .
 *(.bss*)
 .bss           0x0000000020000008        0x0 main.o
 .bss           0x0000000020000008        0x0 startup.o
                0x0000000020000008                _E_bss = .
                0x0000000020000008                . = ALIGN (0x4)
                0x0000000020001008                . = (. + 0x1000)
 *fill*         0x0000000020000008     0x1000 
                0x0000000020001008                _stack_top = .
LOAD main.o
LOAD startup.o
OUTPUT(learn-in-depth.elf elf32-littlearm)

.debug_info     0x0000000000000000      0x30a
 .debug_info    0x0000000000000000      0x19d main.o
 .debug_info    0x000000000000019d      0x16d startup.o

.debug_abbrev   0x0000000000000000      0x1cc
 .debug_abbrev  0x0000000000000000      0x108 main.o
 .debug_abbrev  0x0000000000000108       0xc4 startup.o

.debug_loc      0x0000000000000000       0xb4
 .debug_loc     0x0000000000000000       0x38 main.o
 .debug_loc     0x0000000000000038       0x7c startup.o

.debug_aranges  0x0000000000000000       0x40
 .debug_aranges
                0x0000000000000000       0x20 main.o
 .debug_aranges
                0x0000000000000020       0x20 startup.o

.debug_line     0x0000000000000000      0x3c9
 .debug_line    0x0000000000000000      0x1db main.o
 .debug_line    0x00000000000001db      0x1ee startup.o

.debug_str      0x0000000000000000      0x1d8
 .debug_str     0x0000000000000000      0x15f main.o
                                        0x19c (size before relaxing)
 .debug_str     0x000000000000015f       0x79 startup.o
                                        0x1d3 (size before relaxing)

.comment        0x0000000000000000       0x7b
 .comment       0x0000000000000000       0x7b main.o
                                         0x7c (size before relaxing)
 .comment       0x000000000000007b       0x7c startup.o

.ARM.attributes
                0x0000000000000000       0x33
 .ARM.attributes
                0x0000000000000000       0x33 main.o
 .ARM.attributes
                0x0000000000000033       0x33 startup.o

.debug_frame    0x0000000000000000       0x7c
 .debug_frame   0x0000000000000000       0x2c main.o
 .debug_frame   0x000000000000002c       0x50 startup.o
