
Allocating common symbols
Common symbol       size              file

AL_state_id         0x1               AlarmDriver.o
C_id                0x1               main.o
PS_states_id        0x1               main.o
PS_state            0x4               PressureSensorDriver.o
Alarm_state         0x4               AlarmDriver.o

Memory Configuration

Name             Origin             Length             Attributes
flash            0x0000000008000000 0x0000000000020000 xr
sram             0x0000000020000000 0x0000000000005000 xrw
*default*        0x0000000000000000 0xffffffffffffffff

Linker script and memory map


.text           0x0000000008000000      0x320
 *(.vectors*)
 .vectors       0x0000000008000000       0x1c startup.o
                0x0000000008000000                vectors
 *(.text*)
 .text          0x000000000800001c       0xc0 AlarmDriver.o
                0x000000000800001c                Alarm_init
                0x0000000008000038                Set_Alarm_actuator
                0x000000000800008c                ST_AlarmOn
                0x00000000080000c4                ST_AlarmOff
 .text          0x00000000080000dc       0x70 driver.o
                0x00000000080000dc                Delay
                0x00000000080000fc                GPIO_INITIALIZATION
 .text          0x000000000800014c       0x44 main.o
                0x000000000800014c                setup
                0x0000000008000160                main
 .text          0x0000000008000190       0x74 MainController.o
                0x0000000008000190                get_pressure_value
                0x00000000080001c4                ST_HP_detected
                0x00000000080001ec                ST_idle
 .text          0x0000000008000204       0x8c PressureSensorDriver.o
                0x0000000008000204                PS_init
                0x0000000008000220                getPressureVal
                0x0000000008000238                ST_PS_waiting
                0x0000000008000258                ST_PS_reading
 .text          0x0000000008000290       0x90 startup.o
                0x0000000008000290                MM_Fault_Handler
                0x0000000008000290                Usage_Fault_Handler
                0x0000000008000290                Bus_Fault
                0x0000000008000290                Default_Handler
                0x0000000008000290                H_fault_Handler
                0x0000000008000290                NMI_Handler
                0x000000000800029c                Reset_Handler
 *(.rodata)
                0x0000000008000320                _E_text = .

.glue_7         0x0000000008000320        0x0
 .glue_7        0x0000000008000320        0x0 linker stubs

.glue_7t        0x0000000008000320        0x0
 .glue_7t       0x0000000008000320        0x0 linker stubs

.vfp11_veneer   0x0000000008000320        0x0
 .vfp11_veneer  0x0000000008000320        0x0 linker stubs

.v4_bx          0x0000000008000320        0x0
 .v4_bx         0x0000000008000320        0x0 linker stubs

.iplt           0x0000000008000320        0x0
 .iplt          0x0000000008000320        0x0 AlarmDriver.o

.rel.dyn        0x0000000008000320        0x0
 .rel.iplt      0x0000000008000320        0x0 AlarmDriver.o

.data           0x0000000020000000        0xc load address 0x0000000008000320
                0x0000000020000000                _S_DATA = .
 *(.data)
 .data          0x0000000020000000        0x4 AlarmDriver.o
                0x0000000020000000                duration
 .data          0x0000000020000004        0x0 driver.o
 .data          0x0000000020000004        0x0 main.o
 .data          0x0000000020000004        0x8 MainController.o
                0x0000000020000004                threshold
                0x0000000020000008                C_state
 .data          0x000000002000000c        0x0 PressureSensorDriver.o
 .data          0x000000002000000c        0x0 startup.o
                0x000000002000000c                _E_DATA = .
                0x000000002000000c                . = ALIGN (0x4)

.igot.plt       0x000000002000000c        0x0 load address 0x000000000800032c
 .igot.plt      0x000000002000000c        0x0 AlarmDriver.o

.bss            0x000000002000000c     0x1014 load address 0x000000000800032c
                0x000000002000000c                _S_bss = .
 *(.bss*)
 .bss           0x000000002000000c        0x0 AlarmDriver.o
 .bss           0x000000002000000c        0x0 driver.o
 .bss           0x000000002000000c        0x0 main.o
 .bss           0x000000002000000c        0x0 MainController.o
 .bss           0x000000002000000c        0x4 PressureSensorDriver.o
                0x000000002000000c                pVal
 .bss           0x0000000020000010        0x0 startup.o
                0x0000000020000010                _E_bss = .
                0x0000000020000010                . = ALIGN (0x4)
                0x0000000020001010                . = (. + 0x1000)
 *fill*         0x0000000020000010     0x1000 
                0x0000000020001010                _stack_top = .
 COMMON         0x0000000020001010        0x8 AlarmDriver.o
                0x0000000020001010                AL_state_id
                0x0000000020001014                Alarm_state
 COMMON         0x0000000020001018        0x2 main.o
                0x0000000020001018                C_id
                0x0000000020001019                PS_states_id
 *fill*         0x000000002000101a        0x2 
 COMMON         0x000000002000101c        0x4 PressureSensorDriver.o
                0x000000002000101c                PS_state
LOAD AlarmDriver.o
LOAD driver.o
LOAD main.o
LOAD MainController.o
LOAD PressureSensorDriver.o
LOAD startup.o
OUTPUT(Pressure_Detection.elf elf32-littlearm)

.debug_info     0x0000000000000000      0x75e
 .debug_info    0x0000000000000000      0x14d AlarmDriver.o
 .debug_info    0x000000000000014d       0xbc driver.o
 .debug_info    0x0000000000000209      0x152 main.o
 .debug_info    0x000000000000035b      0x157 MainController.o
 .debug_info    0x00000000000004b2      0x13f PressureSensorDriver.o
 .debug_info    0x00000000000005f1      0x16d startup.o

.debug_abbrev   0x0000000000000000      0x469
 .debug_abbrev  0x0000000000000000       0xea AlarmDriver.o
 .debug_abbrev  0x00000000000000ea       0x74 driver.o
 .debug_abbrev  0x000000000000015e       0xa9 main.o
 .debug_abbrev  0x0000000000000207       0xc5 MainController.o
 .debug_abbrev  0x00000000000002cc       0xd9 PressureSensorDriver.o
 .debug_abbrev  0x00000000000003a5       0xc4 startup.o

.debug_loc      0x0000000000000000      0x418
 .debug_loc     0x0000000000000000      0x110 AlarmDriver.o
 .debug_loc     0x0000000000000110       0xa0 driver.o
 .debug_loc     0x00000000000001b0       0x58 main.o
 .debug_loc     0x0000000000000208       0xb4 MainController.o
 .debug_loc     0x00000000000002bc       0xe0 PressureSensorDriver.o
 .debug_loc     0x000000000000039c       0x7c startup.o

.debug_aranges  0x0000000000000000       0xc0
 .debug_aranges
                0x0000000000000000       0x20 AlarmDriver.o
 .debug_aranges
                0x0000000000000020       0x20 driver.o
 .debug_aranges
                0x0000000000000040       0x20 main.o
 .debug_aranges
                0x0000000000000060       0x20 MainController.o
 .debug_aranges
                0x0000000000000080       0x20 PressureSensorDriver.o
 .debug_aranges
                0x00000000000000a0       0x20 startup.o

.debug_line     0x0000000000000000      0x8aa
 .debug_line    0x0000000000000000      0x1e6 AlarmDriver.o
 .debug_line    0x00000000000001e6      0x1d2 driver.o
 .debug_line    0x00000000000003b8       0x94 main.o
 .debug_line    0x000000000000044c       0x7c MainController.o
 .debug_line    0x00000000000004c8      0x1f4 PressureSensorDriver.o
 .debug_line    0x00000000000006bc      0x1ee startup.o

.debug_str      0x0000000000000000      0x2e4
 .debug_str     0x0000000000000000      0x178 AlarmDriver.o
                                        0x1c6 (size before relaxing)
 .debug_str     0x0000000000000178       0x2a driver.o
                                        0x17b (size before relaxing)
 .debug_str     0x00000000000001a2       0x35 main.o
                                        0x1c2 (size before relaxing)
 .debug_str     0x00000000000001d7       0x45 MainController.o
                                        0x1cc (size before relaxing)
 .debug_str     0x000000000000021c       0x4f PressureSensorDriver.o
                                        0x1cc (size before relaxing)
 .debug_str     0x000000000000026b       0x79 startup.o
                                        0x1ca (size before relaxing)

.comment        0x0000000000000000       0x7b
 .comment       0x0000000000000000       0x7b AlarmDriver.o
                                         0x7c (size before relaxing)
 .comment       0x000000000000007b       0x7c driver.o
 .comment       0x000000000000007b       0x7c main.o
 .comment       0x000000000000007b       0x7c MainController.o
 .comment       0x000000000000007b       0x7c PressureSensorDriver.o
 .comment       0x000000000000007b       0x7c startup.o

.ARM.attributes
                0x0000000000000000       0x33
 .ARM.attributes
                0x0000000000000000       0x33 AlarmDriver.o
 .ARM.attributes
                0x0000000000000033       0x33 driver.o
 .ARM.attributes
                0x0000000000000066       0x33 main.o
 .ARM.attributes
                0x0000000000000099       0x33 MainController.o
 .ARM.attributes
                0x00000000000000cc       0x33 PressureSensorDriver.o
 .ARM.attributes
                0x00000000000000ff       0x33 startup.o

.debug_frame    0x0000000000000000      0x27c
 .debug_frame   0x0000000000000000       0x94 AlarmDriver.o
 .debug_frame   0x0000000000000094       0x58 driver.o
 .debug_frame   0x00000000000000ec       0x48 main.o
 .debug_frame   0x0000000000000134       0x70 MainController.o
 .debug_frame   0x00000000000001a4       0x88 PressureSensorDriver.o
 .debug_frame   0x000000000000022c       0x50 startup.o
